Archive member included to satisfy reference by file (symbol)

C:/devkitPro/libgba/lib\libmm.a(mm_mas.o)
                              main.o (mmStart)
C:/devkitPro/libgba/lib\libmm.a(mm_main.o)
                              C:/devkitPro/libgba/lib\libmm.a(mm_mas.o) (mmCallback)
C:/devkitPro/libgba/lib\libmm.a(mm_effect.o)
                              C:/devkitPro/libgba/lib\libmm.a(mm_main.o) (mmResetEffects)
C:/devkitPro/libgba/lib\libmm.a(mm_mas_arm.o)
                              C:/devkitPro/libgba/lib\libmm.a(mm_mas.o) (mmAllocChannel)
C:/devkitPro/libgba/lib\libmm.a(mm_mixer_gba.o)
                              interrupt.o (mmVBlank)
C:/devkitPro/libgba/lib\libmm.a(mm_init_default.o)
                              main.o (mmInitDefault)
c:/devkitpro/devkitarm/bin/../lib/gcc/arm-none-eabi/9.1.0/../../../../arm-none-eabi/lib\libheart.a(fx.o)
                              main.o (hrt_SetFXMode)
c:/devkitpro/devkitarm/bin/../lib/gcc/arm-none-eabi/9.1.0/../../../../arm-none-eabi/lib\libheart.a(misc.o)
                              animations.o (hrt_DMACopy)
c:/devkitpro/devkitarm/bin/../lib/gcc/arm-none-eabi/9.1.0/../../../../arm-none-eabi/lib\libheart.a(interrupt.o)
                              main.o (hrt_InitIRQ)
c:/devkitpro/devkitarm/bin/../lib/gcc/arm-none-eabi/9.1.0/../../../../arm-none-eabi/lib\libheart.a(bios.o)
                              interrupt.o (hrt_SoftReset)
c:/devkitpro/devkitarm/bin/../lib/gcc/arm-none-eabi/9.1.0/../../../../arm-none-eabi/lib\libheart.a(input.o)
                              interrupt.o (hrt_ScanKeys)
c:/devkitpro/devkitarm/bin/../lib/gcc/arm-none-eabi/9.1.0/../../../../arm-none-eabi/lib\libheart.a(rtc.o)
                              c:/devkitpro/devkitarm/bin/../lib/gcc/arm-none-eabi/9.1.0/../../../../arm-none-eabi/lib\libheart.a(misc.o) (gettime)
c:/devkitpro/devkitarm/bin/../lib/gcc/arm-none-eabi/9.1.0/../../../../arm-none-eabi/lib\libheart.a(intdispatch.o)
                              c:/devkitpro/devkitarm/bin/../lib/gcc/arm-none-eabi/9.1.0/../../../../arm-none-eabi/lib\libheart.a(interrupt.o) (IntrMain)
c:/devkitpro/devkitarm/bin/../lib/gcc/arm-none-eabi/9.1.0/thumb\libgcc.a(_call_via_rX.o)
                              C:/devkitPro/libgba/lib\libmm.a(mm_main.o) (_call_via_r1)
c:/devkitpro/devkitarm/bin/../lib/gcc/arm-none-eabi/9.1.0/../../../../arm-none-eabi/lib/thumb\libc.a(lib_a-init.o)
                              c:/devkitpro/devkitarm/bin/../lib/gcc/arm-none-eabi/9.1.0/../../../../arm-none-eabi/lib/thumb/gba_crt0.o (__libc_init_array)
c:/devkitpro/devkitarm/bin/../lib/gcc/arm-none-eabi/9.1.0/../../../../arm-none-eabi/lib/thumb\libc.a(lib_a-malloc.o)
                              C:/devkitPro/libgba/lib\libmm.a(mm_init_default.o) (malloc)
c:/devkitpro/devkitarm/bin/../lib/gcc/arm-none-eabi/9.1.0/../../../../arm-none-eabi/lib/thumb\libc.a(lib_a-mallocr.o)
                              c:/devkitpro/devkitarm/bin/../lib/gcc/arm-none-eabi/9.1.0/../../../../arm-none-eabi/lib/thumb\libc.a(lib_a-malloc.o) (_malloc_r)
c:/devkitpro/devkitarm/bin/../lib/gcc/arm-none-eabi/9.1.0/../../../../arm-none-eabi/lib/thumb\libc.a(lib_a-memcpy-stub.o)
                              c:/devkitpro/devkitarm/bin/../lib/gcc/arm-none-eabi/9.1.0/../../../../arm-none-eabi/lib\libheart.a(misc.o) (memcpy)
c:/devkitpro/devkitarm/bin/../lib/gcc/arm-none-eabi/9.1.0/../../../../arm-none-eabi/lib/thumb\libc.a(lib_a-mlock.o)
                              c:/devkitpro/devkitarm/bin/../lib/gcc/arm-none-eabi/9.1.0/../../../../arm-none-eabi/lib/thumb\libc.a(lib_a-mallocr.o) (__malloc_lock)
c:/devkitpro/devkitarm/bin/../lib/gcc/arm-none-eabi/9.1.0/../../../../arm-none-eabi/lib/thumb\libc.a(lib_a-freer.o)
                              c:/devkitpro/devkitarm/bin/../lib/gcc/arm-none-eabi/9.1.0/../../../../arm-none-eabi/lib/thumb\libc.a(lib_a-malloc.o) (_free_r)
c:/devkitpro/devkitarm/bin/../lib/gcc/arm-none-eabi/9.1.0/../../../../arm-none-eabi/lib/thumb\libsysbase.a(sbrk.o)
                              c:/devkitpro/devkitarm/bin/../lib/gcc/arm-none-eabi/9.1.0/../../../../arm-none-eabi/lib/thumb\libc.a(lib_a-mallocr.o) (_sbrk_r)
c:/devkitpro/devkitarm/bin/../lib/gcc/arm-none-eabi/9.1.0/../../../../arm-none-eabi/lib/thumb\libsysbase.a(malloc_vars.o)
                              c:/devkitpro/devkitarm/bin/../lib/gcc/arm-none-eabi/9.1.0/../../../../arm-none-eabi/lib/thumb\libsysbase.a(sbrk.o) (fake_heap_start)
c:/devkitpro/devkitarm/bin/../lib/gcc/arm-none-eabi/9.1.0/../../../../arm-none-eabi/lib/thumb\libsysbase.a(syscall_support.o)
                              c:/devkitpro/devkitarm/bin/../lib/gcc/arm-none-eabi/9.1.0/../../../../arm-none-eabi/lib/thumb\libc.a(lib_a-mlock.o) (__libc_lock_acquire_recursive)
c:/devkitpro/devkitarm/bin/../lib/gcc/arm-none-eabi/9.1.0/../../../../arm-none-eabi/lib/thumb\libsysbase.a(getreent.o)
                              c:/devkitpro/devkitarm/bin/../lib/gcc/arm-none-eabi/9.1.0/../../../../arm-none-eabi/lib/thumb\libc.a(lib_a-malloc.o) (__getreent)
c:/devkitpro/devkitarm/bin/../lib/gcc/arm-none-eabi/9.1.0/../../../../arm-none-eabi/lib/thumb\libc.a(lib_a-impure.o)
                              c:/devkitpro/devkitarm/bin/../lib/gcc/arm-none-eabi/9.1.0/../../../../arm-none-eabi/lib/thumb\libsysbase.a(getreent.o) (_impure_ptr)

Allocating common symbols
Common symbol       size              file

gDebugUnlock        0xc               sound.o
keys_down           0x2               animations.o
IntrTable           0x78              c:/devkitpro/devkitarm/bin/../lib/gcc/arm-none-eabi/9.1.0/../../../../arm-none-eabi/lib\libheart.a(interrupt.o)
gEnemyCralenDeath   0xc               sound.o
gPlayerJump         0xc               sound.o
gPlayerHurt         0xc               sound.o
gMenuMapMove        0xc               sound.o
gMenuTestVolume     0xc               sound.o
gUnkSelect          0xc               sound.o
animPlayerState     0x1               animations.o
keys_held           0x2               animations.o
gUnkClockReverb     0xc               sound.o
gPlayerDeath        0xc               sound.o
gPlayerLandGrass    0xc               sound.o
gElevatorRun        0xc               sound.o
gPlayerShoot        0xc               sound.o
gMainGameKeyCollect
                    0xc               sound.o
gMenuLoadSave       0xc               sound.o
gPlayerLandStone    0xc               sound.o
keys_up             0x2               animations.o
gMenuNo             0xc               sound.o
gElevatorStop       0xc               sound.o
gUnkClock           0xc               sound.o
gMenuLevelComplete  0xc               sound.o
animPlayerFrame     0x1               animations.o
gStoryPage          0xc               sound.o
gMainGamePause      0xc               sound.o
gDebugConfirm       0xc               sound.o
gElevatorStart      0xc               sound.o
gMenuSelect         0xc               sound.o
gMenuSaveGame       0xc               sound.o
gMenuEnterStage     0xc               sound.o
gPlayerStep         0xc               sound.o
gMenuConfirm        0xc               sound.o

Discarded input sections

 .text          0x0000000000000000        0x0 c:/devkitpro/devkitarm/bin/../lib/gcc/arm-none-eabi/9.1.0/../../../../arm-none-eabi/lib/thumb/gba_crt0.o
 .data          0x0000000000000000        0x0 c:/devkitpro/devkitarm/bin/../lib/gcc/arm-none-eabi/9.1.0/../../../../arm-none-eabi/lib/thumb/gba_crt0.o
 .bss           0x0000000000000000        0x0 c:/devkitpro/devkitarm/bin/../lib/gcc/arm-none-eabi/9.1.0/../../../../arm-none-eabi/lib/thumb/gba_crt0.o
 .text          0x0000000000000000        0x0 c:/devkitpro/devkitarm/bin/../lib/gcc/arm-none-eabi/9.1.0/thumb/crti.o
 .data          0x0000000000000000        0x0 c:/devkitpro/devkitarm/bin/../lib/gcc/arm-none-eabi/9.1.0/thumb/crti.o
 .bss           0x0000000000000000        0x0 c:/devkitpro/devkitarm/bin/../lib/gcc/arm-none-eabi/9.1.0/thumb/crti.o
 .text          0x0000000000000000        0x0 c:/devkitpro/devkitarm/bin/../lib/gcc/arm-none-eabi/9.1.0/thumb/crtbegin.o
 .data          0x0000000000000000        0x0 c:/devkitpro/devkitarm/bin/../lib/gcc/arm-none-eabi/9.1.0/thumb/crtbegin.o
 .bss           0x0000000000000000        0x0 c:/devkitpro/devkitarm/bin/../lib/gcc/arm-none-eabi/9.1.0/thumb/crtbegin.o
 .data.__dso_handle
                0x0000000000000000        0x4 c:/devkitpro/devkitarm/bin/../lib/gcc/arm-none-eabi/9.1.0/thumb/crtbegin.o
 .text          0x0000000000000000        0x0 chirpy-gfx.bin.o
 .data          0x0000000000000000        0x0 chirpy-gfx.bin.o
 .bss           0x0000000000000000        0x0 chirpy-gfx.bin.o
 .text          0x0000000000000000        0x0 chirpy-pal.bin.o
 .data          0x0000000000000000        0x0 chirpy-pal.bin.o
 .bss           0x0000000000000000        0x0 chirpy-pal.bin.o
 .text          0x0000000000000000        0x0 soundbank.bin.o
 .data          0x0000000000000000        0x0 soundbank.bin.o
 .bss           0x0000000000000000        0x0 soundbank.bin.o
 .data          0x0000000000000000        0x0 animations.o
 .bss           0x0000000000000000        0x0 animations.o
 .text          0x0000000000000000        0x8 game.o
 .data          0x0000000000000000        0x0 game.o
 .bss           0x0000000000000000        0x0 game.o
 .comment       0x0000000000000000       0x23 game.o
 .data          0x0000000000000000        0x0 interrupt.o
 .bss           0x0000000000000000        0x0 interrupt.o
 .text          0x0000000000000000        0x0 lang.o
 .data          0x0000000000000000      0x1c0 lang.o
 .bss           0x0000000000000000        0x0 lang.o
 .rodata.str1.4
                0x0000000000000000      0x4e7 lang.o
 .rodata        0x0000000000000000      0x573 lang.o
 .comment       0x0000000000000000       0x23 lang.o
 .text          0x0000000000000000        0x0 main.o
 .data          0x0000000000000000        0x0 main.o
 .bss           0x0000000000000000        0x0 main.o
 .text          0x0000000000000000        0x0 menus.o
 .data          0x0000000000000000        0x0 menus.o
 .bss           0x0000000000000000        0x0 menus.o
 .comment       0x0000000000000000       0x23 menus.o
 .text          0x0000000000000000        0x0 player.o
 .data          0x0000000000000000        0x0 player.o
 .bss           0x0000000000000000        0x0 player.o
 .comment       0x0000000000000000       0x23 player.o
 .data          0x0000000000000000        0x0 sound.o
 .bss           0x0000000000000000        0x0 sound.o
 .text          0x0000000000000000        0x0 sram.o
 .data          0x0000000000000000        0x0 sram.o
 .bss           0x0000000000000000        0x0 sram.o
 .comment       0x0000000000000000       0x23 sram.o
 .data          0x0000000000000000        0x0 C:/devkitPro/libgba/lib\libmm.a(mm_mas.o)
 .data          0x0000000000000000        0x0 C:/devkitPro/libgba/lib\libmm.a(mm_main.o)
 .data          0x0000000000000000        0x0 C:/devkitPro/libgba/lib\libmm.a(mm_effect.o)
 .text          0x0000000000000000        0x0 C:/devkitPro/libgba/lib\libmm.a(mm_mas_arm.o)
 .data          0x0000000000000000        0x0 C:/devkitPro/libgba/lib\libmm.a(mm_mas_arm.o)
 .bss           0x0000000000000000        0x0 C:/devkitPro/libgba/lib\libmm.a(mm_mas_arm.o)
 .data          0x0000000000000000        0x0 C:/devkitPro/libgba/lib\libmm.a(mm_mixer_gba.o)
 .data          0x0000000000000000        0x0 C:/devkitPro/libgba/lib\libmm.a(mm_init_default.o)
 .data          0x0000000000000000        0x0 c:/devkitpro/devkitarm/bin/../lib/gcc/arm-none-eabi/9.1.0/../../../../arm-none-eabi/lib\libheart.a(fx.o)
 .bss           0x0000000000000000        0x0 c:/devkitpro/devkitarm/bin/../lib/gcc/arm-none-eabi/9.1.0/../../../../arm-none-eabi/lib\libheart.a(fx.o)
 .bss           0x0000000000000000        0x0 c:/devkitpro/devkitarm/bin/../lib/gcc/arm-none-eabi/9.1.0/../../../../arm-none-eabi/lib\libheart.a(misc.o)
 .iwram         0x0000000000000000       0xb4 c:/devkitpro/devkitarm/bin/../lib/gcc/arm-none-eabi/9.1.0/../../../../arm-none-eabi/lib\libheart.a(misc.o)
 .data          0x0000000000000000        0x0 c:/devkitpro/devkitarm/bin/../lib/gcc/arm-none-eabi/9.1.0/../../../../arm-none-eabi/lib\libheart.a(interrupt.o)
 .bss           0x0000000000000000        0x0 c:/devkitpro/devkitarm/bin/../lib/gcc/arm-none-eabi/9.1.0/../../../../arm-none-eabi/lib\libheart.a(interrupt.o)
 .data          0x0000000000000000        0x0 c:/devkitpro/devkitarm/bin/../lib/gcc/arm-none-eabi/9.1.0/../../../../arm-none-eabi/lib\libheart.a(bios.o)
 .bss           0x0000000000000000        0x0 c:/devkitpro/devkitarm/bin/../lib/gcc/arm-none-eabi/9.1.0/../../../../arm-none-eabi/lib\libheart.a(bios.o)
 .text          0x0000000000000000        0x0 c:/devkitpro/devkitarm/bin/../lib/gcc/arm-none-eabi/9.1.0/../../../../arm-none-eabi/lib\libheart.a(rtc.o)
 .data          0x0000000000000000        0x0 c:/devkitpro/devkitarm/bin/../lib/gcc/arm-none-eabi/9.1.0/../../../../arm-none-eabi/lib\libheart.a(rtc.o)
 .bss           0x0000000000000000        0x0 c:/devkitpro/devkitarm/bin/../lib/gcc/arm-none-eabi/9.1.0/../../../../arm-none-eabi/lib\libheart.a(rtc.o)
 .text          0x0000000000000000        0x0 c:/devkitpro/devkitarm/bin/../lib/gcc/arm-none-eabi/9.1.0/../../../../arm-none-eabi/lib\libheart.a(intdispatch.o)
 .data          0x0000000000000000        0x0 c:/devkitpro/devkitarm/bin/../lib/gcc/arm-none-eabi/9.1.0/../../../../arm-none-eabi/lib\libheart.a(intdispatch.o)
 .bss           0x0000000000000000        0x0 c:/devkitpro/devkitarm/bin/../lib/gcc/arm-none-eabi/9.1.0/../../../../arm-none-eabi/lib\libheart.a(intdispatch.o)
 .data          0x0000000000000000        0x0 c:/devkitpro/devkitarm/bin/../lib/gcc/arm-none-eabi/9.1.0/thumb\libgcc.a(_call_via_rX.o)
 .bss           0x0000000000000000        0x0 c:/devkitpro/devkitarm/bin/../lib/gcc/arm-none-eabi/9.1.0/thumb\libgcc.a(_call_via_rX.o)
 .text          0x0000000000000000        0x0 c:/devkitpro/devkitarm/bin/../lib/gcc/arm-none-eabi/9.1.0/../../../../arm-none-eabi/lib/thumb\libc.a(lib_a-init.o)
 .data          0x0000000000000000        0x0 c:/devkitpro/devkitarm/bin/../lib/gcc/arm-none-eabi/9.1.0/../../../../arm-none-eabi/lib/thumb\libc.a(lib_a-init.o)
 .bss           0x0000000000000000        0x0 c:/devkitpro/devkitarm/bin/../lib/gcc/arm-none-eabi/9.1.0/../../../../arm-none-eabi/lib/thumb\libc.a(lib_a-init.o)
 .text          0x0000000000000000        0x0 c:/devkitpro/devkitarm/bin/../lib/gcc/arm-none-eabi/9.1.0/../../../../arm-none-eabi/lib/thumb\libc.a(lib_a-malloc.o)
 .data          0x0000000000000000        0x0 c:/devkitpro/devkitarm/bin/../lib/gcc/arm-none-eabi/9.1.0/../../../../arm-none-eabi/lib/thumb\libc.a(lib_a-malloc.o)
 .bss           0x0000000000000000        0x0 c:/devkitpro/devkitarm/bin/../lib/gcc/arm-none-eabi/9.1.0/../../../../arm-none-eabi/lib/thumb\libc.a(lib_a-malloc.o)
 .text.free     0x0000000000000000       0x14 c:/devkitpro/devkitarm/bin/../lib/gcc/arm-none-eabi/9.1.0/../../../../arm-none-eabi/lib/thumb\libc.a(lib_a-malloc.o)
 .text          0x0000000000000000        0x0 c:/devkitpro/devkitarm/bin/../lib/gcc/arm-none-eabi/9.1.0/../../../../arm-none-eabi/lib/thumb\libc.a(lib_a-mallocr.o)
 .data          0x0000000000000000        0x0 c:/devkitpro/devkitarm/bin/../lib/gcc/arm-none-eabi/9.1.0/../../../../arm-none-eabi/lib/thumb\libc.a(lib_a-mallocr.o)
 .bss           0x0000000000000000        0x0 c:/devkitpro/devkitarm/bin/../lib/gcc/arm-none-eabi/9.1.0/../../../../arm-none-eabi/lib/thumb\libc.a(lib_a-mallocr.o)
 .text          0x0000000000000000        0x0 c:/devkitpro/devkitarm/bin/../lib/gcc/arm-none-eabi/9.1.0/../../../../arm-none-eabi/lib/thumb\libc.a(lib_a-memcpy-stub.o)
 .data          0x0000000000000000        0x0 c:/devkitpro/devkitarm/bin/../lib/gcc/arm-none-eabi/9.1.0/../../../../arm-none-eabi/lib/thumb\libc.a(lib_a-memcpy-stub.o)
 .bss           0x0000000000000000        0x0 c:/devkitpro/devkitarm/bin/../lib/gcc/arm-none-eabi/9.1.0/../../../../arm-none-eabi/lib/thumb\libc.a(lib_a-memcpy-stub.o)
 .text          0x0000000000000000        0x0 c:/devkitpro/devkitarm/bin/../lib/gcc/arm-none-eabi/9.1.0/../../../../arm-none-eabi/lib/thumb\libc.a(lib_a-mlock.o)
 .data          0x0000000000000000        0x0 c:/devkitpro/devkitarm/bin/../lib/gcc/arm-none-eabi/9.1.0/../../../../arm-none-eabi/lib/thumb\libc.a(lib_a-mlock.o)
 .bss           0x0000000000000000        0x0 c:/devkitpro/devkitarm/bin/../lib/gcc/arm-none-eabi/9.1.0/../../../../arm-none-eabi/lib/thumb\libc.a(lib_a-mlock.o)
 .text          0x0000000000000000        0x0 c:/devkitpro/devkitarm/bin/../lib/gcc/arm-none-eabi/9.1.0/../../../../arm-none-eabi/lib/thumb\libc.a(lib_a-freer.o)
 .data          0x0000000000000000        0x0 c:/devkitpro/devkitarm/bin/../lib/gcc/arm-none-eabi/9.1.0/../../../../arm-none-eabi/lib/thumb\libc.a(lib_a-freer.o)
 .bss           0x0000000000000000        0x0 c:/devkitpro/devkitarm/bin/../lib/gcc/arm-none-eabi/9.1.0/../../../../arm-none-eabi/lib/thumb\libc.a(lib_a-freer.o)
 .text          0x0000000000000000        0x0 c:/devkitpro/devkitarm/bin/../lib/gcc/arm-none-eabi/9.1.0/../../../../arm-none-eabi/lib/thumb\libsysbase.a(sbrk.o)
 .data          0x0000000000000000        0x0 c:/devkitpro/devkitarm/bin/../lib/gcc/arm-none-eabi/9.1.0/../../../../arm-none-eabi/lib/thumb\libsysbase.a(sbrk.o)
 .bss           0x0000000000000000        0x0 c:/devkitpro/devkitarm/bin/../lib/gcc/arm-none-eabi/9.1.0/../../../../arm-none-eabi/lib/thumb\libsysbase.a(sbrk.o)
 .text          0x0000000000000000        0x0 c:/devkitpro/devkitarm/bin/../lib/gcc/arm-none-eabi/9.1.0/../../../../arm-none-eabi/lib/thumb\libsysbase.a(malloc_vars.o)
 .data          0x0000000000000000        0x0 c:/devkitpro/devkitarm/bin/../lib/gcc/arm-none-eabi/9.1.0/../../../../arm-none-eabi/lib/thumb\libsysbase.a(malloc_vars.o)
 .bss           0x0000000000000000        0x0 c:/devkitpro/devkitarm/bin/../lib/gcc/arm-none-eabi/9.1.0/../../../../arm-none-eabi/lib/thumb\libsysbase.a(malloc_vars.o)
 .text          0x0000000000000000        0x0 c:/devkitpro/devkitarm/bin/../lib/gcc/arm-none-eabi/9.1.0/../../../../arm-none-eabi/lib/thumb\libsysbase.a(syscall_support.o)
 .data          0x0000000000000000        0x0 c:/devkitpro/devkitarm/bin/../lib/gcc/arm-none-eabi/9.1.0/../../../../arm-none-eabi/lib/thumb\libsysbase.a(syscall_support.o)
 .bss           0x0000000000000000        0x0 c:/devkitpro/devkitarm/bin/../lib/gcc/arm-none-eabi/9.1.0/../../../../arm-none-eabi/lib/thumb\libsysbase.a(syscall_support.o)
 .text.__libc_lock_init
                0x0000000000000000       0x1c c:/devkitpro/devkitarm/bin/../lib/gcc/arm-none-eabi/9.1.0/../../../../arm-none-eabi/lib/thumb\libsysbase.a(syscall_support.o)
 .text.__libc_lock_acquire
                0x0000000000000000       0x1c c:/devkitpro/devkitarm/bin/../lib/gcc/arm-none-eabi/9.1.0/../../../../arm-none-eabi/lib/thumb\libsysbase.a(syscall_support.o)
 .text.__libc_lock_try_acquire
                0x0000000000000000       0x24 c:/devkitpro/devkitarm/bin/../lib/gcc/arm-none-eabi/9.1.0/../../../../arm-none-eabi/lib/thumb\libsysbase.a(syscall_support.o)
 .text.__libc_lock_release
                0x0000000000000000       0x1c c:/devkitpro/devkitarm/bin/../lib/gcc/arm-none-eabi/9.1.0/../../../../arm-none-eabi/lib/thumb\libsysbase.a(syscall_support.o)
 .text.__libc_lock_close
                0x0000000000000000       0x1c c:/devkitpro/devkitarm/bin/../lib/gcc/arm-none-eabi/9.1.0/../../../../arm-none-eabi/lib/thumb\libsysbase.a(syscall_support.o)
 .text.__libc_lock_init_recursive
                0x0000000000000000       0x1c c:/devkitpro/devkitarm/bin/../lib/gcc/arm-none-eabi/9.1.0/../../../../arm-none-eabi/lib/thumb\libsysbase.a(syscall_support.o)
 .text.__libc_lock_try_acquire_recursive
                0x0000000000000000       0x24 c:/devkitpro/devkitarm/bin/../lib/gcc/arm-none-eabi/9.1.0/../../../../arm-none-eabi/lib/thumb\libsysbase.a(syscall_support.o)
 .text.__libc_lock_close_recursive
                0x0000000000000000       0x1c c:/devkitpro/devkitarm/bin/../lib/gcc/arm-none-eabi/9.1.0/../../../../arm-none-eabi/lib/thumb\libsysbase.a(syscall_support.o)
 .text          0x0000000000000000        0x0 c:/devkitpro/devkitarm/bin/../lib/gcc/arm-none-eabi/9.1.0/../../../../arm-none-eabi/lib/thumb\libsysbase.a(getreent.o)
 .data          0x0000000000000000        0x0 c:/devkitpro/devkitarm/bin/../lib/gcc/arm-none-eabi/9.1.0/../../../../arm-none-eabi/lib/thumb\libsysbase.a(getreent.o)
 .bss           0x0000000000000000        0x0 c:/devkitpro/devkitarm/bin/../lib/gcc/arm-none-eabi/9.1.0/../../../../arm-none-eabi/lib/thumb\libsysbase.a(getreent.o)
 .text          0x0000000000000000        0x0 c:/devkitpro/devkitarm/bin/../lib/gcc/arm-none-eabi/9.1.0/../../../../arm-none-eabi/lib/thumb\libc.a(lib_a-impure.o)
 .data          0x0000000000000000        0x0 c:/devkitpro/devkitarm/bin/../lib/gcc/arm-none-eabi/9.1.0/../../../../arm-none-eabi/lib/thumb\libc.a(lib_a-impure.o)
 .bss           0x0000000000000000        0x0 c:/devkitpro/devkitarm/bin/../lib/gcc/arm-none-eabi/9.1.0/../../../../arm-none-eabi/lib/thumb\libc.a(lib_a-impure.o)
 .rodata._global_impure_ptr
                0x0000000000000000        0x4 c:/devkitpro/devkitarm/bin/../lib/gcc/arm-none-eabi/9.1.0/../../../../arm-none-eabi/lib/thumb\libc.a(lib_a-impure.o)
 .text          0x0000000000000000        0x0 c:/devkitpro/devkitarm/bin/../lib/gcc/arm-none-eabi/9.1.0/thumb/crtend.o
 .data          0x0000000000000000        0x0 c:/devkitpro/devkitarm/bin/../lib/gcc/arm-none-eabi/9.1.0/thumb/crtend.o
 .bss           0x0000000000000000        0x0 c:/devkitpro/devkitarm/bin/../lib/gcc/arm-none-eabi/9.1.0/thumb/crtend.o
 .text          0x0000000000000000        0x0 c:/devkitpro/devkitarm/bin/../lib/gcc/arm-none-eabi/9.1.0/thumb/crtn.o
 .data          0x0000000000000000        0x0 c:/devkitpro/devkitarm/bin/../lib/gcc/arm-none-eabi/9.1.0/thumb/crtn.o
 .bss           0x0000000000000000        0x0 c:/devkitpro/devkitarm/bin/../lib/gcc/arm-none-eabi/9.1.0/thumb/crtn.o

Memory Configuration

Name             Origin             Length             Attributes
rom              0x0000000008000000 0x0000000002000000
iwram            0x0000000003000000 0x0000000000008000
ewram            0x0000000002000000 0x0000000000040000
*default*        0x0000000000000000 0xffffffffffffffff

Linker script and memory map

                0x0000000008000000                __text_start = ORIGIN (rom)
                0x0000000002040000                __eheap_end = (ORIGIN (ewram) + LENGTH (ewram))
                0x0000000003000000                __iwram_start = ORIGIN (iwram)
                0x0000000003008000                __iwram_top = (ORIGIN (iwram) + LENGTH (iwram))
                0x0000000003007fa0                __sp_irq = (__iwram_top - 0x60)
                0x0000000003007f00                __sp_usr = (__sp_irq - 0xa0)
                0x0000000003007ff8                __irq_flags = 0x3007ff8
                0x0000000008000000                . = __text_start

.crt0           0x0000000008000000      0x210
 *(.crt0)
 .crt0          0x0000000008000000      0x210 c:/devkitpro/devkitarm/bin/../lib/gcc/arm-none-eabi/9.1.0/../../../../arm-none-eabi/lib/thumb/gba_crt0.o
                0x0000000008000000                _start
                0x00000000080000c4                __boot_method
                0x00000000080000c5                __slave_number
                0x00000000080000e0                start_vector
                0x0000000008000210                . = ALIGN (0x4)

.init           0x0000000008000210        0xc
 *(SORT_NONE(.init))
 .init          0x0000000008000210        0x4 c:/devkitpro/devkitarm/bin/../lib/gcc/arm-none-eabi/9.1.0/thumb/crti.o
                0x0000000008000210                _init
 .init          0x0000000008000214        0x8 c:/devkitpro/devkitarm/bin/../lib/gcc/arm-none-eabi/9.1.0/thumb/crtn.o

.plt            0x000000000800021c        0x0
 *(.plt)
                0x000000000800021c                . = ALIGN (0x4)

.text           0x0000000008000220     0x30f8
 *(EXCLUDE_FILE(*.iwram*) .text*)
 .text.deregister_tm_clones
                0x0000000008000220       0x2c c:/devkitpro/devkitarm/bin/../lib/gcc/arm-none-eabi/9.1.0/thumb/crtbegin.o
 .text.register_tm_clones
                0x000000000800024c       0x34 c:/devkitpro/devkitarm/bin/../lib/gcc/arm-none-eabi/9.1.0/thumb/crtbegin.o
 .text.__do_global_dtors_aux
                0x0000000008000280       0x30 c:/devkitpro/devkitarm/bin/../lib/gcc/arm-none-eabi/9.1.0/thumb/crtbegin.o
 .text.frame_dummy
                0x00000000080002b0       0x28 c:/devkitpro/devkitarm/bin/../lib/gcc/arm-none-eabi/9.1.0/thumb/crtbegin.o
 .text          0x00000000080002d8       0x70 animations.o
                0x00000000080002d8                animPlayer
 .text          0x0000000008000348       0x54 interrupt.o
                0x0000000008000348                vblFunc
                0x0000000008000398                hblFunc
 .text.startup  0x000000000800039c       0x80 main.o
                0x000000000800039c                main
 .text          0x000000000800041c       0x94 sound.o
                0x000000000800041c                initSoundEffects
 .text          0x00000000080004b0     0x155c C:/devkitPro/libgba/lib\libmm.a(mm_mas.o)
                0x0000000008000524                mmStart
                0x0000000008000544                mmJingle
                0x000000000800054a                mmPlayModule
                0x0000000008000614                mmPause
                0x0000000008000630                mmResume
                0x0000000008000640                mmActive
                0x0000000008000646                mmActiveSub
                0x000000000800064c                mmSetModuleVolume
                0x000000000800065c                mmSetJingleVolume
                0x0000000008000698                mmPosition
                0x00000000080006b2                mmSetModuleTempo
                0x00000000080006e4                mmSetModulePitch
                0x0000000008000724                mmStop
                0x00000000080007ea                mppUpdateSub
                0x0000000008000946                mpp_Process_VolumeCommand
                0x0000000008000b7e                mpp_Process_Effect
                0x00000000080012cc                ST3_FREQTABLE
                0x00000000080016ec                IT_PitchTable
 .text          0x0000000008001a0c      0x140 C:/devkitPro/libgba/lib\libmm.a(mm_main.o)
                0x0000000008001a0c                mpp_call_r7
                0x0000000008001a0e                mpp_call_r1
                0x0000000008001a10                mpp_call_r2
                0x0000000008001a12                mpp_call_r3
                0x0000000008001a14                mmSetEventHandler
                0x0000000008001a1c                mmInit
                0x0000000008001a70                mmSetVBlankHandler
                0x0000000008001a76                mmFrame
 .text          0x0000000008001b4c      0x300 C:/devkitPro/libgba/lib\libmm.a(mm_effect.o)
                0x0000000008001b4c                mmResetEffects
                0x0000000008001b78                mmEffect
                0x0000000008001b8e                mmEffectEx
                0x0000000008001cac                mmEffectVolume
                0x0000000008001cc8                mmEffectPanning
                0x0000000008001cdc                mmEffectRate
                0x0000000008001cf0                mmEffectCancel
                0x0000000008001d2a                mmEffectRelease
                0x0000000008001d50                mmEffectScaleRate
                0x0000000008001d64                mmSetEffectsVolume
                0x0000000008001d72                mmEffectCancelAll
                0x0000000008001db2                mmUpdateEffects
 .text          0x0000000008001e4c      0x1e0 C:/devkitPro/libgba/lib\libmm.a(mm_mixer_gba.o)
                0x0000000008001e4c                mmMixerSetSource
                0x0000000008001e60                mmMixerSetRead
                0x0000000008001e6e                mmMixerSetFreq
                0x0000000008001e7e                mmMixerMulFreq
                0x0000000008001e92                mmMixerStopChannel
                0x0000000008001ea4                mmMixerChannelActive
                0x0000000008001eb6                mmMixerSetVolume
                0x0000000008001ec4                mmMixerSetPan
                0x0000000008001ed2                mmMixerInit
 .text          0x000000000800202c       0x44 C:/devkitPro/libgba/lib\libmm.a(mm_init_default.o)
                0x000000000800202c                mmInitDefault
 .text          0x0000000008002070      0x154 c:/devkitpro/devkitarm/bin/../lib/gcc/arm-none-eabi/9.1.0/../../../../arm-none-eabi/lib\libheart.a(fx.o)
                0x0000000008002070                hrt_SetFXMode
                0x000000000800207c                hrt_SetFXLevel
                0x0000000008002088                hrt_FXSetBlendMode
                0x00000000080020a0                hrt_SetFXAlphaLevel
                0x00000000080020b0                hrt_FXToggleBackdrop
                0x00000000080020d0                hrt_FXToggleOBJ
                0x00000000080020f0                hrt_FXToggleBG
                0x000000000800210c                hrt_FXEnableBackdrop
                0x000000000800212c                hrt_FXDisableBackdrop
                0x000000000800214c                hrt_FXEnableBG
                0x0000000008002168                hrt_FXDisableBG
                0x0000000008002184                hrt_FXEnableOBJ
                0x00000000080021a4                hrt_FXDisableOBJ
 .text          0x00000000080021c4      0x11c c:/devkitpro/devkitarm/bin/../lib/gcc/arm-none-eabi/9.1.0/../../../../arm-none-eabi/lib\libheart.a(misc.o)
                0x00000000080021c4                hrt_PrintRTCTimeIntoString
                0x000000000800227c                hrt_DMACopy
                0x00000000080022b0                hrt_DMAClear
                0x00000000080022d8                hrt_GetHeartLibVersion
 .text          0x00000000080022e0      0x398 c:/devkitpro/devkitarm/bin/../lib/gcc/arm-none-eabi/9.1.0/../../../../arm-none-eabi/lib\libheart.a(interrupt.o)
                0x00000000080022e0                dummy
                0x00000000080022e4                hrt_InitIRQ
                0x0000000008002388                hrt_SetIRQ
                0x000000000800254c                hrt_EnableIRQ
                0x00000000080025a8                hrt_ToggleIRQ
                0x0000000008002604                hrt_IsIRQEnabled
                0x000000000800261c                hrt_DisableIRQ
 .text          0x0000000008002678       0xc0 c:/devkitpro/devkitarm/bin/../lib/gcc/arm-none-eabi/9.1.0/../../../../arm-none-eabi/lib\libheart.a(bios.o)
                0x0000000008002678                hrt_SoftReset
                0x000000000800267c                hrt_RegisterRamReset
                0x0000000008002680                hrt_Halt
                0x0000000008002684                hrt_Stop
                0x0000000008002688                hrt_IntrWait
                0x000000000800268c                hrt_VblankIntrWait
                0x0000000008002690                hrt_Div
                0x0000000008002694                hrt_DivMod
                0x000000000800269a                hrt_DivAbs
                0x00000000080026a0                hrt_DivArm
                0x00000000080026a4                hrt_DivArmMod
                0x00000000080026aa                hrt_DivArmAbs
                0x00000000080026b0                hrt_Sqrt
                0x00000000080026bc                hrt_CpuSet
                0x00000000080026c0                hrt_CpuFastSet
                0x00000000080026c4                hrt_GetBiosChecksum
                0x00000000080026c8                hrt_BgAffineSet
                0x00000000080026cc                hrt_ObjAffineSet
                0x00000000080026d0                hrt_BitUnPack
                0x00000000080026d4                hrt_LZ77UnCompWram
                0x00000000080026d8                hrt_LZ77UnCompVram
                0x00000000080026dc                hrt_HuffUnComp
                0x00000000080026e0                hrt_RLUnCompWram
                0x00000000080026e4                hrt_RLUnCompVram
                0x00000000080026e8                hrt_Diff8bitUnFilterWram
                0x00000000080026ec                hrt_Diff8bitUnFilterVram
                0x00000000080026f0                hrt_Diff16bitUnFilter
                0x00000000080026f4                hrt_SoundDriverInit
                0x00000000080026f8                hrt_SoundDriverMode
                0x00000000080026fc                hrt_SoundDriverMain
                0x0000000008002700                hrt_SoundDriverVSync
                0x0000000008002704                hrt_SoundChannelClear
                0x0000000008002708                hrt_MidiKey2Freq
                0x000000000800270c                hrt_SoundWhatever0
                0x0000000008002710                hrt_SoundWhatever1
                0x0000000008002714                hrt_SoundWhatever2
                0x0000000008002718                hrt_SoundWhatever3
                0x000000000800271c                hrt_SoundWhatever4
                0x0000000008002720                hrt_MultiBoot
                0x0000000008002724                hrt_HardReset
                0x0000000008002728                hrt_CustomHalt
                0x000000000800272c                hrt_SoundDriverVSyncOff
                0x0000000008002730                hrt_SoundDriverVSyncOn
                0x0000000008002734                hrt_SoundGetJumpList
 .text          0x0000000008002738      0x124 c:/devkitpro/devkitarm/bin/../lib/gcc/arm-none-eabi/9.1.0/../../../../arm-none-eabi/lib\libheart.a(input.o)
                0x0000000008002738                hrt_SetInputRepeat
                0x000000000800274c                hrt_ScanKeys
                0x0000000008002804                hrt_KeysDownRepeat
                0x000000000800281c                hrt_KeysDown
                0x0000000008002834                hrt_KeysUp
                0x000000000800284c                hrt_KeysHeld
 .text          0x000000000800285c       0x3c c:/devkitpro/devkitarm/bin/../lib/gcc/arm-none-eabi/9.1.0/thumb\libgcc.a(_call_via_rX.o)
                0x000000000800285c                _call_via_r0
                0x0000000008002860                _call_via_r1
                0x0000000008002864                _call_via_r2
                0x0000000008002868                _call_via_r3
                0x000000000800286c                _call_via_r4
                0x0000000008002870                _call_via_r5
                0x0000000008002874                _call_via_r6
                0x0000000008002878                _call_via_r7
                0x000000000800287c                _call_via_r8
                0x0000000008002880                _call_via_r9
                0x0000000008002884                _call_via_sl
                0x0000000008002888                _call_via_fp
                0x000000000800288c                _call_via_ip
                0x0000000008002890                _call_via_sp
                0x0000000008002894                _call_via_lr
 .text.__libc_init_array
                0x0000000008002898       0x50 c:/devkitpro/devkitarm/bin/../lib/gcc/arm-none-eabi/9.1.0/../../../../arm-none-eabi/lib/thumb\libc.a(lib_a-init.o)
                0x0000000008002898                __libc_init_array
 .text.malloc   0x00000000080028e8       0x14 c:/devkitpro/devkitarm/bin/../lib/gcc/arm-none-eabi/9.1.0/../../../../arm-none-eabi/lib/thumb\libc.a(lib_a-malloc.o)
                0x00000000080028e8                malloc
 .text._malloc_r
                0x00000000080028fc      0x59c c:/devkitpro/devkitarm/bin/../lib/gcc/arm-none-eabi/9.1.0/../../../../arm-none-eabi/lib/thumb\libc.a(lib_a-mallocr.o)
                0x00000000080028fc                _malloc_r
 .text.memcpy   0x0000000008002e98       0xa8 c:/devkitpro/devkitarm/bin/../lib/gcc/arm-none-eabi/9.1.0/../../../../arm-none-eabi/lib/thumb\libc.a(lib_a-memcpy-stub.o)
                0x0000000008002e98                memcpy
 .text.__malloc_lock
                0x0000000008002f40       0x14 c:/devkitpro/devkitarm/bin/../lib/gcc/arm-none-eabi/9.1.0/../../../../arm-none-eabi/lib/thumb\libc.a(lib_a-mlock.o)
                0x0000000008002f40                __malloc_lock
 .text.__malloc_unlock
                0x0000000008002f54       0x14 c:/devkitpro/devkitarm/bin/../lib/gcc/arm-none-eabi/9.1.0/../../../../arm-none-eabi/lib/thumb\libc.a(lib_a-mlock.o)
                0x0000000008002f54                __malloc_unlock
 .text._malloc_trim_r
                0x0000000008002f68       0xa0 c:/devkitpro/devkitarm/bin/../lib/gcc/arm-none-eabi/9.1.0/../../../../arm-none-eabi/lib/thumb\libc.a(lib_a-freer.o)
                0x0000000008002f68                _malloc_trim_r
 .text._free_r  0x0000000008003008      0x1e0 c:/devkitpro/devkitarm/bin/../lib/gcc/arm-none-eabi/9.1.0/../../../../arm-none-eabi/lib/thumb\libc.a(lib_a-freer.o)
                0x0000000008003008                _free_r
 .text._sbrk_r  0x00000000080031e8       0x54 c:/devkitpro/devkitarm/bin/../lib/gcc/arm-none-eabi/9.1.0/../../../../arm-none-eabi/lib/thumb\libsysbase.a(sbrk.o)
                0x00000000080031e8                _sbrk_r
 .text.__libc_lock_acquire_recursive
                0x000000000800323c       0x1c c:/devkitpro/devkitarm/bin/../lib/gcc/arm-none-eabi/9.1.0/../../../../arm-none-eabi/lib/thumb\libsysbase.a(syscall_support.o)
                0x000000000800323c                __libc_lock_acquire_recursive
 .text.__libc_lock_release_recursive
                0x0000000008003258       0x1c c:/devkitpro/devkitarm/bin/../lib/gcc/arm-none-eabi/9.1.0/../../../../arm-none-eabi/lib/thumb\libsysbase.a(syscall_support.o)
                0x0000000008003258                __libc_lock_release_recursive
 .text.__getreent
                0x0000000008003274       0x28 c:/devkitpro/devkitarm/bin/../lib/gcc/arm-none-eabi/9.1.0/../../../../arm-none-eabi/lib/thumb\libsysbase.a(getreent.o)
                0x0000000008003274                __getreent
 *fill*         0x000000000800329c        0x4 ff
 .text.__getreent.__stub
                0x00000000080032a0       0x74 linker stubs
 *(.gnu.linkonce.t.*)
 *(.text.*personality*)
 *(.gnu.warning)
 *(.glue_7t)
 .glue_7t       0x0000000008003318        0x0 linker stubs
 *(.glue_7)
 .glue_7        0x0000000008003318        0x0 linker stubs
 *(.vfp11_veneer)
 .vfp11_veneer  0x0000000008003318        0x0 linker stubs
                0x0000000008003318                . = ALIGN (0x4)
                0x0000000008003318                __text_end = .

.v4_bx          0x0000000008003318        0x0
 .v4_bx         0x0000000008003318        0x0 linker stubs

.iplt           0x0000000008003318        0x0
 .iplt          0x0000000008003318        0x0 c:/devkitpro/devkitarm/bin/../lib/gcc/arm-none-eabi/9.1.0/../../../../arm-none-eabi/lib/thumb/gba_crt0.o

.fini           0x0000000008003318        0xc
 *(.fini)
 .fini          0x0000000008003318        0x4 c:/devkitpro/devkitarm/bin/../lib/gcc/arm-none-eabi/9.1.0/thumb/crti.o
                0x0000000008003318                _fini
 .fini          0x000000000800331c        0x8 c:/devkitpro/devkitarm/bin/../lib/gcc/arm-none-eabi/9.1.0/thumb/crtn.o
                0x0000000008003324                . = ALIGN (0x4)

.rodata         0x0000000008003324   0x19a1ac
 *(.rodata)
 .rodata        0x0000000008003324      0x584 chirpy-gfx.bin.o
                0x0000000008003324                chirpy_gfx_bin
                0x00000000080038a4                chirpy_gfx_bin_end
                0x00000000080038a4                chirpy_gfx_bin_size
 .rodata        0x00000000080038a8       0x24 chirpy-pal.bin.o
                0x00000000080038a8                chirpy_pal_bin
                0x00000000080038c8                chirpy_pal_bin_size
                0x00000000080038c8                chirpy_pal_bin_end
 .rodata        0x00000000080038cc   0x199bf8 soundbank.bin.o
                0x00000000080038cc                soundbank_bin
                0x000000000819d4c0                soundbank_bin_size
                0x000000000819d4c0                soundbank_bin_end
 *all.rodata*(*)
 *(.roda)
 *(.rodata.*)
 .rodata.str1.4
                0x000000000819d4c4        0xc c:/devkitpro/devkitarm/bin/../lib/gcc/arm-none-eabi/9.1.0/../../../../arm-none-eabi/lib\libheart.a(misc.o)
                                          0x9 (size before relaxing)
 *(.gnu.linkonce.r*)
                0x000000000819d4d0                . = ALIGN (0x4)

.ARM.extab
 *(.ARM.extab* .gnu.linkonce.armextab.*)
                0x000000000819d4d0                __exidx_start = .

.ARM.exidx
 *(.ARM.exidx* .gnu.linkonce.armexidx.*)
                0x000000000819d4d0                __exidx_end = .

.ctors          0x000000000819d4d0        0x0
 *crtbegin.o(.ctors)
 *(EXCLUDE_FILE(*crtend.o) .ctors)
 *(SORT_BY_NAME(.ctors.*))
 *(.ctors)
                0x000000000819d4d0                . = ALIGN (0x4)

.dtors          0x000000000819d4d0        0x0
 *crtbegin.o(.dtors)
 *(EXCLUDE_FILE(*crtend.o) .dtors)
 *(SORT_BY_NAME(.dtors.*))
 *(.dtors)
                0x000000000819d4d0                . = ALIGN (0x4)

.eh_frame       0x000000000819d4d0        0x4
 *(.eh_frame)
 .eh_frame      0x000000000819d4d0        0x0 c:/devkitpro/devkitarm/bin/../lib/gcc/arm-none-eabi/9.1.0/thumb/crtbegin.o
 .eh_frame      0x000000000819d4d0        0x4 c:/devkitpro/devkitarm/bin/../lib/gcc/arm-none-eabi/9.1.0/thumb/crtend.o
                0x000000000819d4d4                . = ALIGN (0x4)

.gcc_except_table
                0x000000000819d4d4        0x0
 *(.gcc_except_table)
                0x000000000819d4d4                . = ALIGN (0x4)
                0x000000000819d4d4                __iwram_lma = .

.iwram          0x0000000003000000     0x1558 load address 0x000000000819d4d4
                0x0000000003000000                __iwram_start__ = ABSOLUTE (.)
 *(.iwram .iwram*)
 .iwram         0x0000000003000000      0x554 C:/devkitPro/libgba/lib\libmm.a(mm_mas.o)
                0x0000000003000000                mppProcessTick
                0x00000000030000e4                mpp_Channel_NewNote
                0x00000000030001c4                mpp_Update_ACHN_notest
 .iwram         0x0000000003000554        0x8 C:/devkitPro/libgba/lib\libmm.a(mm_main.o)
                0x0000000003000554                mpp_call_r7i
                0x0000000003000556                mpp_call_r2i
                0x0000000003000558                mpp_call_r1i
 .iwram         0x000000000300055c      0x648 C:/devkitPro/libgba/lib\libmm.a(mm_mas_arm.o)
                0x000000000300055c                mmAllocChannel
                0x00000000030005d0                mmReadPattern
                0x00000000030006bc                mmUpdateChannel_T0
                0x00000000030008fc                mmUpdateChannel_TN
                0x0000000003000a9c                mmGetPeriod
                0x0000000003000ae0                note_table_oct
                0x0000000003000afe                note_table_mod
 .iwram         0x0000000003000ba4      0x838 C:/devkitPro/libgba/lib\libmm.a(mm_mixer_gba.o)
                0x0000000003000ba8                mmVBlank
                0x0000000003000c2c                mmMixerMix
 .iwram         0x00000000030013dc       0xc4 c:/devkitpro/devkitarm/bin/../lib/gcc/arm-none-eabi/9.1.0/../../../../arm-none-eabi/lib\libheart.a(rtc.o)
                0x00000000030013dc                gettime
 .iwram         0x00000000030014a0       0xb8 c:/devkitpro/devkitarm/bin/../lib/gcc/arm-none-eabi/9.1.0/../../../../arm-none-eabi/lib\libheart.a(intdispatch.o)
                0x00000000030014a0                IntrMain
 *iwram.*(.text* .data*)
                0x0000000003001558                . = ALIGN (0x4)
                0x0000000003001558                __iwram_end__ = ABSOLUTE (.)
                0x000000000819ea2c                __data_lma = (__iwram_lma + SIZEOF (.iwram))

.rel.dyn        0x0000000003001558        0x0 load address 0x000000000819ea2c
 .rel.iplt      0x0000000003001558        0x0 c:/devkitpro/devkitarm/bin/../lib/gcc/arm-none-eabi/9.1.0/../../../../arm-none-eabi/lib/thumb/gba_crt0.o

.bss            0x0000000003001558      0x9f8
                0x0000000003001558                __bss_start = ABSOLUTE (.)
                0x0000000003001558                __bss_start__ = ABSOLUTE (.)
 *(.dynbss)
 *(.gnu.linkonce.b*)
 *(.bss*)
 .bss.completed.9071
                0x0000000003001558        0x1 c:/devkitpro/devkitarm/bin/../lib/gcc/arm-none-eabi/9.1.0/thumb/crtbegin.o
 *fill*         0x0000000003001559        0x3 
 .bss.object.9076
                0x000000000300155c       0x18 c:/devkitpro/devkitarm/bin/../lib/gcc/arm-none-eabi/9.1.0/thumb/crtbegin.o
 .bss           0x0000000003001574      0x148 C:/devkitPro/libgba/lib\libmm.a(mm_mas.o)
                0x0000000003001574                mmLayerMain
                0x00000000030015ac                mmLayerSub
                0x00000000030015e4                mpp_vars
                0x00000000030015f4                mpp_layerp
                0x00000000030015f8                mpp_channels
                0x0000000003001608                mpp_nchannels
                0x0000000003001609                mpp_clayer
                0x000000000300160c                mm_achannels
                0x0000000003001610                mm_pchannels
                0x0000000003001614                mm_num_mch
                0x0000000003001618                mm_num_ach
                0x000000000300161c                mm_schannels
 .bss           0x00000000030016bc       0x20 C:/devkitPro/libgba/lib\libmm.a(mm_main.o)
                0x00000000030016bc                mmCallback
                0x00000000030016c0                mmModuleCount
                0x00000000030016c4                mmModuleBank
                0x00000000030016c8                mmSampleBank
                0x00000000030016cc                mm_ch_mask
                0x00000000030016d0                mm_vblank_function
                0x00000000030016d4                mmInitialized
                0x00000000030016d8                mp_solution
 .bss           0x00000000030016dc       0x2d C:/devkitPro/libgba/lib\libmm.a(mm_effect.o)
                0x0000000003001700                mm_sfx_bitmask
                0x0000000003001704                mm_sfx_clearmask
 *fill*         0x0000000003001709        0x3 
 .bss           0x000000000300170c      0x1bc C:/devkitPro/libgba/lib\libmm.a(mm_mixer_gba.o)
                0x000000000300170c                mp_writepos
                0x0000000003001714                mm_mixchannels
                0x000000000300171c                mm_mixlen
                0x0000000003001730                mm_bpmdv
                0x0000000003001734                mp_mix_seg
 .bss           0x00000000030018c8      0x420 C:/devkitPro/libgba/lib\libmm.a(mm_init_default.o)
 .bss           0x0000000003001ce8        0xa c:/devkitpro/devkitarm/bin/../lib/gcc/arm-none-eabi/9.1.0/../../../../arm-none-eabi/lib\libheart.a(input.o)
 *fill*         0x0000000003001cf2        0x2 
 .bss.__malloc_current_mallinfo
                0x0000000003001cf4       0x28 c:/devkitpro/devkitarm/bin/../lib/gcc/arm-none-eabi/9.1.0/../../../../arm-none-eabi/lib/thumb\libc.a(lib_a-mallocr.o)
                0x0000000003001cf4                __malloc_current_mallinfo
 .bss.__malloc_max_sbrked_mem
                0x0000000003001d1c        0x4 c:/devkitpro/devkitarm/bin/../lib/gcc/arm-none-eabi/9.1.0/../../../../arm-none-eabi/lib/thumb\libc.a(lib_a-mallocr.o)
                0x0000000003001d1c                __malloc_max_sbrked_mem
 .bss.__malloc_max_total_mem
                0x0000000003001d20        0x4 c:/devkitpro/devkitarm/bin/../lib/gcc/arm-none-eabi/9.1.0/../../../../arm-none-eabi/lib/thumb\libc.a(lib_a-mallocr.o)
                0x0000000003001d20                __malloc_max_total_mem
 .bss.__malloc_top_pad
                0x0000000003001d24        0x4 c:/devkitpro/devkitarm/bin/../lib/gcc/arm-none-eabi/9.1.0/../../../../arm-none-eabi/lib/thumb\libc.a(lib_a-mallocr.o)
                0x0000000003001d24                __malloc_top_pad
 .bss.heap_start.6057
                0x0000000003001d28        0x4 c:/devkitpro/devkitarm/bin/../lib/gcc/arm-none-eabi/9.1.0/../../../../arm-none-eabi/lib/thumb\libsysbase.a(sbrk.o)
 .bss.fake_heap_end
                0x0000000003001d2c        0x4 c:/devkitpro/devkitarm/bin/../lib/gcc/arm-none-eabi/9.1.0/../../../../arm-none-eabi/lib/thumb\libsysbase.a(malloc_vars.o)
                0x0000000003001d2c                fake_heap_end
 .bss.fake_heap_start
                0x0000000003001d30        0x4 c:/devkitpro/devkitarm/bin/../lib/gcc/arm-none-eabi/9.1.0/../../../../arm-none-eabi/lib/thumb\libsysbase.a(malloc_vars.o)
                0x0000000003001d30                fake_heap_start
 .bss.__syscalls
                0x0000000003001d34       0x48 c:/devkitpro/devkitarm/bin/../lib/gcc/arm-none-eabi/9.1.0/../../../../arm-none-eabi/lib/thumb\libsysbase.a(syscall_support.o)
                0x0000000003001d34                __syscalls
 *(COMMON)
 COMMON         0x0000000003001d7c        0x9 animations.o
                0x0000000003001d7c                keys_down
                0x0000000003001d7e                animPlayerState
                0x0000000003001d80                keys_held
                0x0000000003001d82                keys_up
                0x0000000003001d84                animPlayerFrame
 *fill*         0x0000000003001d85        0x3 
 COMMON         0x0000000003001d88      0x150 sound.o
                0x0000000003001d88                gDebugUnlock
                0x0000000003001d94                gEnemyCralenDeath
                0x0000000003001da0                gPlayerJump
                0x0000000003001dac                gPlayerHurt
                0x0000000003001db8                gMenuMapMove
                0x0000000003001dc4                gMenuTestVolume
                0x0000000003001dd0                gUnkSelect
                0x0000000003001ddc                gUnkClockReverb
                0x0000000003001de8                gPlayerDeath
                0x0000000003001df4                gPlayerLandGrass
                0x0000000003001e00                gElevatorRun
                0x0000000003001e0c                gPlayerShoot
                0x0000000003001e18                gMainGameKeyCollect
                0x0000000003001e24                gMenuLoadSave
                0x0000000003001e30                gPlayerLandStone
                0x0000000003001e3c                gMenuNo
                0x0000000003001e48                gElevatorStop
                0x0000000003001e54                gUnkClock
                0x0000000003001e60                gMenuLevelComplete
                0x0000000003001e6c                gStoryPage
                0x0000000003001e78                gMainGamePause
                0x0000000003001e84                gDebugConfirm
                0x0000000003001e90                gElevatorStart
                0x0000000003001e9c                gMenuSelect
                0x0000000003001ea8                gMenuSaveGame
                0x0000000003001eb4                gMenuEnterStage
                0x0000000003001ec0                gPlayerStep
                0x0000000003001ecc                gMenuConfirm
 COMMON         0x0000000003001ed8       0x78 c:/devkitpro/devkitarm/bin/../lib/gcc/arm-none-eabi/9.1.0/../../../../arm-none-eabi/lib\libheart.a(interrupt.o)
                0x0000000003001ed8                IntrTable
                0x0000000003001f50                . = ALIGN (0x4)
                0x0000000003001f50                __bss_end__ = ABSOLUTE (.)

.data           0x0000000003001f50      0x898 load address 0x000000000819ea2c
                0x0000000003001f50                __data_start__ = ABSOLUTE (.)
 *(.data*)
 .data          0x0000000003001f50       0x10 c:/devkitpro/devkitarm/bin/../lib/gcc/arm-none-eabi/9.1.0/../../../../arm-none-eabi/lib\libheart.a(misc.o)
                0x0000000003001f50                SRAM
                0x0000000003001f54                OAM
                0x0000000003001f58                PALETTE
                0x0000000003001f5c                VRAM
 .data          0x0000000003001f60        0x3 c:/devkitpro/devkitarm/bin/../lib/gcc/arm-none-eabi/9.1.0/../../../../arm-none-eabi/lib\libheart.a(input.o)
 *fill*         0x0000000003001f63        0x1 ff
 .data.__malloc_av_
                0x0000000003001f64      0x408 c:/devkitpro/devkitarm/bin/../lib/gcc/arm-none-eabi/9.1.0/../../../../arm-none-eabi/lib/thumb\libc.a(lib_a-mallocr.o)
                0x0000000003001f64                __malloc_av_
 .data.__malloc_sbrk_base
                0x000000000300236c        0x4 c:/devkitpro/devkitarm/bin/../lib/gcc/arm-none-eabi/9.1.0/../../../../arm-none-eabi/lib/thumb\libc.a(lib_a-mallocr.o)
                0x000000000300236c                __malloc_sbrk_base
 .data.__malloc_trim_threshold
                0x0000000003002370        0x4 c:/devkitpro/devkitarm/bin/../lib/gcc/arm-none-eabi/9.1.0/../../../../arm-none-eabi/lib/thumb\libc.a(lib_a-mallocr.o)
                0x0000000003002370                __malloc_trim_threshold
 .data.__malloc_recursive_mutex
                0x0000000003002374        0xc c:/devkitpro/devkitarm/bin/../lib/gcc/arm-none-eabi/9.1.0/../../../../arm-none-eabi/lib/thumb\libc.a(lib_a-mlock.o)
 .data._impure_ptr
                0x0000000003002380        0x4 c:/devkitpro/devkitarm/bin/../lib/gcc/arm-none-eabi/9.1.0/../../../../arm-none-eabi/lib/thumb\libc.a(lib_a-impure.o)
                0x0000000003002380                _impure_ptr
 *fill*         0x0000000003002384        0x4 ff
 .data.impure_data
                0x0000000003002388      0x460 c:/devkitpro/devkitarm/bin/../lib/gcc/arm-none-eabi/9.1.0/../../../../arm-none-eabi/lib/thumb\libc.a(lib_a-impure.o)
 *(.gnu.linkonce.d*)
                0x00000000030027e8                . = ALIGN (0x4)
                0x000000000819f2c4                __preinit_lma = (__data_lma + SIZEOF (.data))

.igot.plt       0x00000000030027e8        0x0 load address 0x000000000819f2c4
 .igot.plt      0x00000000030027e8        0x0 c:/devkitpro/devkitarm/bin/../lib/gcc/arm-none-eabi/9.1.0/../../../../arm-none-eabi/lib/thumb/gba_crt0.o

.tm_clone_table
                0x00000000030027e8        0x0 load address 0x000000000819f2c4
 .tm_clone_table
                0x00000000030027e8        0x0 c:/devkitpro/devkitarm/bin/../lib/gcc/arm-none-eabi/9.1.0/thumb/crtbegin.o
 .tm_clone_table
                0x00000000030027e8        0x0 c:/devkitpro/devkitarm/bin/../lib/gcc/arm-none-eabi/9.1.0/thumb/crtend.o

.preinit_array  0x00000000030027e8        0x0 load address 0x000000000819f2c4
                0x00000000030027e8                __preinit_array_start = ABSOLUTE (.)
 *(.preinit_array)
                0x00000000030027e8                __preinit_array_end = ABSOLUTE (.)
                0x000000000819f2c4                __init_lma = (__preinit_lma + SIZEOF (.preinit_array))

.init_array     0x00000000030027e8        0x4 load address 0x000000000819f2c4
                0x00000000030027e8                __init_array_start = ABSOLUTE (.)
 *(SORT_BY_NAME(.init_array.*))
 *(.init_array)
 .init_array    0x00000000030027e8        0x4 c:/devkitpro/devkitarm/bin/../lib/gcc/arm-none-eabi/9.1.0/thumb/crtbegin.o
                0x00000000030027ec                __init_array_end = ABSOLUTE (.)
                0x000000000819f2c8                __fini_lma = (__init_lma + SIZEOF (.init_array))

.fini_array     0x00000000030027ec        0x4 load address 0x000000000819f2c8
                0x00000000030027ec                __fini_array_start = ABSOLUTE (.)
 *(SORT_BY_NAME(.fini_array.*))
 *(.fini_array)
 .fini_array    0x00000000030027ec        0x4 c:/devkitpro/devkitarm/bin/../lib/gcc/arm-none-eabi/9.1.0/thumb/crtbegin.o
                0x00000000030027f0                __fini_array_end = ABSOLUTE (.)
                0x000000000819f2cc                __jcr_lma = (__fini_lma + SIZEOF (.fini_array))

.jcr            0x00000000030027f0        0x0 load address 0x000000000819f2cc
 *(.jcr)
                0x00000000030027f0                __data_end__ = ABSOLUTE (.)
                0x000000000819f2cc                __iwram_overlay_lma = (__jcr_lma + SIZEOF (.jcr))
                0x00000000030027f0                __iwram_overlay_start = .

.iwram0         0x00000000030027f0        0x0 load address 0x000000000819f2cc
 *(.iwram0)
                0x00000000030027f0                . = ALIGN (0x4)
                0x000000000819f2cc                PROVIDE (__load_start_iwram0 = LOADADDR (.iwram0))
                0x000000000819f2cc                PROVIDE (__load_stop_iwram0 = (LOADADDR (.iwram0) + SIZEOF (.iwram0)))

.iwram1         0x00000000030027f0        0x0
 *(.iwram1)
                0x00000000030027f0                . = ALIGN (0x4)
                [!provide]                        PROVIDE (__load_start_iwram1 = LOADADDR (.iwram1))
                [!provide]                        PROVIDE (__load_stop_iwram1 = (LOADADDR (.iwram1) + SIZEOF (.iwram1)))

.iwram2         0x00000000030027f0        0x0
 *(.iwram2)
                0x00000000030027f0                . = ALIGN (0x4)
                [!provide]                        PROVIDE (__load_start_iwram2 = LOADADDR (.iwram2))
                [!provide]                        PROVIDE (__load_stop_iwram2 = (LOADADDR (.iwram2) + SIZEOF (.iwram2)))

.iwram3         0x00000000030027f0        0x0
 *(.iwram3)
                0x00000000030027f0                . = ALIGN (0x4)
                [!provide]                        PROVIDE (__load_start_iwram3 = LOADADDR (.iwram3))
                [!provide]                        PROVIDE (__load_stop_iwram3 = (LOADADDR (.iwram3) + SIZEOF (.iwram3)))

.iwram4         0x00000000030027f0        0x0
 *(.iwram4)
                0x00000000030027f0                . = ALIGN (0x4)
                [!provide]                        PROVIDE (__load_start_iwram4 = LOADADDR (.iwram4))
                [!provide]                        PROVIDE (__load_stop_iwram4 = (LOADADDR (.iwram4) + SIZEOF (.iwram4)))

.iwram5         0x00000000030027f0        0x0
 *(.iwram5)
                0x00000000030027f0                . = ALIGN (0x4)
                [!provide]                        PROVIDE (__load_start_iwram5 = LOADADDR (.iwram5))
                [!provide]                        PROVIDE (__load_stop_iwram5 = (LOADADDR (.iwram5) + SIZEOF (.iwram5)))

.iwram6         0x00000000030027f0        0x0
 *(.iwram6)
                0x00000000030027f0                . = ALIGN (0x4)
                [!provide]                        PROVIDE (__load_start_iwram6 = LOADADDR (.iwram6))
                [!provide]                        PROVIDE (__load_stop_iwram6 = (LOADADDR (.iwram6) + SIZEOF (.iwram6)))

.iwram7         0x00000000030027f0        0x0
 *(.iwram7)
                0x00000000030027f0                . = ALIGN (0x4)
                [!provide]                        PROVIDE (__load_start_iwram7 = LOADADDR (.iwram7))
                [!provide]                        PROVIDE (__load_stop_iwram7 = (LOADADDR (.iwram7) + SIZEOF (.iwram7)))

.iwram8         0x00000000030027f0        0x0
 *(.iwram8)
                0x00000000030027f0                . = ALIGN (0x4)
                [!provide]                        PROVIDE (__load_start_iwram8 = LOADADDR (.iwram8))
                [!provide]                        PROVIDE (__load_stop_iwram8 = (LOADADDR (.iwram8) + SIZEOF (.iwram8)))

.iwram9         0x00000000030027f0        0x0
 *(.iwram9)
                0x00000000030027f0                . = ALIGN (0x4)
                [!provide]                        PROVIDE (__load_start_iwram9 = LOADADDR (.iwram9))
                [!provide]                        PROVIDE (__load_stop_iwram9 = (LOADADDR (.iwram9) + SIZEOF (.iwram9)))
                0x00000000030027f0                __iwram_overlay_end = .
                0x000000000819f2cc                __ewram_lma = (__iwram_overlay_lma + (__iwram_overlay_end - __iwram_overlay_start))
                0x00000000030027f0                __iheap_start = .
                0x0000000002000000                __ewram_start = ORIGIN (ewram)

.ewram          0x0000000002000000        0x0 load address 0x000000000819f2cc
 *(.ewram*)
                0x0000000002000000                . = ALIGN (0x4)
                0x0000000002000000                __ewram_end = ABSOLUTE (.)
                0x000000000819f2cc                __pad_lma = (__ewram_lma + SIZEOF (.ewram))

.sbss           0x0000000002000000        0x0
                0x0000000002000000                __sbss_start__ = ABSOLUTE (.)
 *(.sbss*)
                0x0000000002000000                . = ALIGN (0x4)
                0x0000000002000000                __sbss_end__ = ABSOLUTE (.)
                0x0000000002000000                __end__ = ABSOLUTE (.)
                0x0000000002000000                __eheap_start = ABSOLUTE (.)

.pad            0x0000000002000000        0x8 load address 0x000000000819f2cc
                0x0000000002000000        0x4 LONG 0x52416b64
                0x0000000002000004        0x4 LONG 0x4d
                0x0000000002000008                . = ALIGN (0x4)
                0x000000000819f2d4                __rom_end__ = (__pad_lma + SIZEOF (.pad))

.stab
 *(.stab)

.stabstr
 *(.stabstr)

.stab.excl
 *(.stab.excl)

.stab.exclstr
 *(.stab.exclstr)

.stab.index
 *(.stab.index)

.stab.indexstr
 *(.stab.indexstr)

.comment        0x0000000000000000       0x22
 *(.comment)
 .comment       0x0000000000000000       0x22 c:/devkitpro/devkitarm/bin/../lib/gcc/arm-none-eabi/9.1.0/thumb/crtbegin.o
                                         0x23 (size before relaxing)
 .comment       0x0000000000000022       0x23 animations.o
 .comment       0x0000000000000022       0x23 interrupt.o
 .comment       0x0000000000000022       0x23 main.o
 .comment       0x0000000000000022       0x23 sound.o
 .comment       0x0000000000000022       0x23 c:/devkitpro/devkitarm/bin/../lib/gcc/arm-none-eabi/9.1.0/../../../../arm-none-eabi/lib\libheart.a(fx.o)
 .comment       0x0000000000000022       0x23 c:/devkitpro/devkitarm/bin/../lib/gcc/arm-none-eabi/9.1.0/../../../../arm-none-eabi/lib\libheart.a(misc.o)
 .comment       0x0000000000000022       0x23 c:/devkitpro/devkitarm/bin/../lib/gcc/arm-none-eabi/9.1.0/../../../../arm-none-eabi/lib\libheart.a(interrupt.o)
 .comment       0x0000000000000022       0x23 c:/devkitpro/devkitarm/bin/../lib/gcc/arm-none-eabi/9.1.0/../../../../arm-none-eabi/lib\libheart.a(input.o)
 .comment       0x0000000000000022       0x23 c:/devkitpro/devkitarm/bin/../lib/gcc/arm-none-eabi/9.1.0/../../../../arm-none-eabi/lib/thumb\libc.a(lib_a-init.o)
 .comment       0x0000000000000022       0x23 c:/devkitpro/devkitarm/bin/../lib/gcc/arm-none-eabi/9.1.0/../../../../arm-none-eabi/lib/thumb\libc.a(lib_a-malloc.o)
 .comment       0x0000000000000022       0x23 c:/devkitpro/devkitarm/bin/../lib/gcc/arm-none-eabi/9.1.0/../../../../arm-none-eabi/lib/thumb\libc.a(lib_a-mallocr.o)
 .comment       0x0000000000000022       0x23 c:/devkitpro/devkitarm/bin/../lib/gcc/arm-none-eabi/9.1.0/../../../../arm-none-eabi/lib/thumb\libc.a(lib_a-memcpy-stub.o)
 .comment       0x0000000000000022       0x23 c:/devkitpro/devkitarm/bin/../lib/gcc/arm-none-eabi/9.1.0/../../../../arm-none-eabi/lib/thumb\libc.a(lib_a-mlock.o)
 .comment       0x0000000000000022       0x23 c:/devkitpro/devkitarm/bin/../lib/gcc/arm-none-eabi/9.1.0/../../../../arm-none-eabi/lib/thumb\libc.a(lib_a-freer.o)
 .comment       0x0000000000000022       0x23 c:/devkitpro/devkitarm/bin/../lib/gcc/arm-none-eabi/9.1.0/../../../../arm-none-eabi/lib/thumb\libsysbase.a(sbrk.o)
 .comment       0x0000000000000022       0x23 c:/devkitpro/devkitarm/bin/../lib/gcc/arm-none-eabi/9.1.0/../../../../arm-none-eabi/lib/thumb\libsysbase.a(malloc_vars.o)
 .comment       0x0000000000000022       0x23 c:/devkitpro/devkitarm/bin/../lib/gcc/arm-none-eabi/9.1.0/../../../../arm-none-eabi/lib/thumb\libsysbase.a(syscall_support.o)
 .comment       0x0000000000000022       0x23 c:/devkitpro/devkitarm/bin/../lib/gcc/arm-none-eabi/9.1.0/../../../../arm-none-eabi/lib/thumb\libsysbase.a(getreent.o)
 .comment       0x0000000000000022       0x23 c:/devkitpro/devkitarm/bin/../lib/gcc/arm-none-eabi/9.1.0/../../../../arm-none-eabi/lib/thumb\libc.a(lib_a-impure.o)
 .comment       0x0000000000000022       0x23 c:/devkitpro/devkitarm/bin/../lib/gcc/arm-none-eabi/9.1.0/thumb/crtend.o

.debug
 *(.debug)

.line
 *(.line)

.debug_srcinfo
 *(.debug_srcinfo)

.debug_sfnames
 *(.debug_sfnames)

.debug_aranges
 *(.debug_aranges)

.debug_pubnames
 *(.debug_pubnames)

.debug_info
 *(.debug_info)

.debug_abbrev
 *(.debug_abbrev)

.debug_line
 *(.debug_line)

.debug_frame
 *(.debug_frame)

.debug_str
 *(.debug_str)

.debug_loc
 *(.debug_loc)

.debug_macinfo
 *(.debug_macinfo)

.debug_weaknames
 *(.debug_weaknames)

.debug_funcnames
 *(.debug_funcnames)

.debug_typenames
 *(.debug_typenames)

.debug_varnames
 *(.debug_varnames)

.stack          0x0000000000080000        0x0
                0x0000000000080000                _stack = .
 *(.stack)

.note.gnu.arm.ident
 *(.note.gnu.arm.ident)

.ARM.attributes
                0x0000000000000000       0x2c
 *(.ARM.attributes)
 .ARM.attributes
                0x0000000000000000       0x20 c:/devkitpro/devkitarm/bin/../lib/gcc/arm-none-eabi/9.1.0/../../../../arm-none-eabi/lib/thumb/gba_crt0.o
 .ARM.attributes
                0x0000000000000020       0x1c c:/devkitpro/devkitarm/bin/../lib/gcc/arm-none-eabi/9.1.0/thumb/crti.o
 .ARM.attributes
                0x000000000000003c       0x2a c:/devkitpro/devkitarm/bin/../lib/gcc/arm-none-eabi/9.1.0/thumb/crtbegin.o
 .ARM.attributes
                0x0000000000000066       0x14 chirpy-gfx.bin.o
 .ARM.attributes
                0x000000000000007a       0x14 chirpy-pal.bin.o
 .ARM.attributes
                0x000000000000008e       0x14 soundbank.bin.o
 .ARM.attributes
                0x00000000000000a2       0x26 animations.o
 .ARM.attributes
                0x00000000000000c8       0x26 game.o
 .ARM.attributes
                0x00000000000000ee       0x26 interrupt.o
 .ARM.attributes
                0x0000000000000114       0x2c lang.o
 .ARM.attributes
                0x0000000000000140       0x26 main.o
 .ARM.attributes
                0x0000000000000166       0x2c menus.o
 .ARM.attributes
                0x0000000000000192       0x2c player.o
 .ARM.attributes
                0x00000000000001be       0x26 sound.o
 .ARM.attributes
                0x00000000000001e4       0x2c sram.o
 .ARM.attributes
                0x0000000000000210       0x1a C:/devkitPro/libgba/lib\libmm.a(mm_mas.o)
 .ARM.attributes
                0x000000000000022a       0x1a C:/devkitPro/libgba/lib\libmm.a(mm_main.o)
 .ARM.attributes
                0x0000000000000244       0x1a C:/devkitPro/libgba/lib\libmm.a(mm_effect.o)
 .ARM.attributes
                0x000000000000025e       0x1a C:/devkitPro/libgba/lib\libmm.a(mm_mas_arm.o)
 .ARM.attributes
                0x0000000000000278       0x1a C:/devkitPro/libgba/lib\libmm.a(mm_mixer_gba.o)
 .ARM.attributes
                0x0000000000000292       0x1a C:/devkitPro/libgba/lib\libmm.a(mm_init_default.o)
 .ARM.attributes
                0x00000000000002ac       0x26 c:/devkitpro/devkitarm/bin/../lib/gcc/arm-none-eabi/9.1.0/../../../../arm-none-eabi/lib\libheart.a(fx.o)
 .ARM.attributes
                0x00000000000002d2       0x26 c:/devkitpro/devkitarm/bin/../lib/gcc/arm-none-eabi/9.1.0/../../../../arm-none-eabi/lib\libheart.a(misc.o)
 .ARM.attributes
                0x00000000000002f8       0x26 c:/devkitpro/devkitarm/bin/../lib/gcc/arm-none-eabi/9.1.0/../../../../arm-none-eabi/lib\libheart.a(interrupt.o)
 .ARM.attributes
                0x000000000000031e       0x1a c:/devkitpro/devkitarm/bin/../lib/gcc/arm-none-eabi/9.1.0/../../../../arm-none-eabi/lib\libheart.a(bios.o)
 .ARM.attributes
                0x0000000000000338       0x26 c:/devkitpro/devkitarm/bin/../lib/gcc/arm-none-eabi/9.1.0/../../../../arm-none-eabi/lib\libheart.a(input.o)
 .ARM.attributes
                0x000000000000035e       0x1a c:/devkitpro/devkitarm/bin/../lib/gcc/arm-none-eabi/9.1.0/../../../../arm-none-eabi/lib\libheart.a(rtc.o)
 .ARM.attributes
                0x0000000000000378       0x1a c:/devkitpro/devkitarm/bin/../lib/gcc/arm-none-eabi/9.1.0/../../../../arm-none-eabi/lib\libheart.a(intdispatch.o)
 .ARM.attributes
                0x0000000000000392       0x1c c:/devkitpro/devkitarm/bin/../lib/gcc/arm-none-eabi/9.1.0/thumb\libgcc.a(_call_via_rX.o)
 .ARM.attributes
                0x00000000000003ae       0x2a c:/devkitpro/devkitarm/bin/../lib/gcc/arm-none-eabi/9.1.0/../../../../arm-none-eabi/lib/thumb\libc.a(lib_a-init.o)
 .ARM.attributes
                0x00000000000003d8       0x2a c:/devkitpro/devkitarm/bin/../lib/gcc/arm-none-eabi/9.1.0/../../../../arm-none-eabi/lib/thumb\libc.a(lib_a-malloc.o)
 .ARM.attributes
                0x0000000000000402       0x2a c:/devkitpro/devkitarm/bin/../lib/gcc/arm-none-eabi/9.1.0/../../../../arm-none-eabi/lib/thumb\libc.a(lib_a-mallocr.o)
 .ARM.attributes
                0x000000000000042c       0x2a c:/devkitpro/devkitarm/bin/../lib/gcc/arm-none-eabi/9.1.0/../../../../arm-none-eabi/lib/thumb\libc.a(lib_a-memcpy-stub.o)
 .ARM.attributes
                0x0000000000000456       0x2a c:/devkitpro/devkitarm/bin/../lib/gcc/arm-none-eabi/9.1.0/../../../../arm-none-eabi/lib/thumb\libc.a(lib_a-mlock.o)
 .ARM.attributes
                0x0000000000000480       0x2a c:/devkitpro/devkitarm/bin/../lib/gcc/arm-none-eabi/9.1.0/../../../../arm-none-eabi/lib/thumb\libc.a(lib_a-freer.o)
 .ARM.attributes
                0x00000000000004aa       0x2a c:/devkitpro/devkitarm/bin/../lib/gcc/arm-none-eabi/9.1.0/../../../../arm-none-eabi/lib/thumb\libsysbase.a(sbrk.o)
 .ARM.attributes
                0x00000000000004d4       0x30 c:/devkitpro/devkitarm/bin/../lib/gcc/arm-none-eabi/9.1.0/../../../../arm-none-eabi/lib/thumb\libsysbase.a(malloc_vars.o)
 .ARM.attributes
                0x0000000000000504       0x2a c:/devkitpro/devkitarm/bin/../lib/gcc/arm-none-eabi/9.1.0/../../../../arm-none-eabi/lib/thumb\libsysbase.a(syscall_support.o)
 .ARM.attributes
                0x000000000000052e       0x2a c:/devkitpro/devkitarm/bin/../lib/gcc/arm-none-eabi/9.1.0/../../../../arm-none-eabi/lib/thumb\libsysbase.a(getreent.o)
 .ARM.attributes
                0x0000000000000558       0x30 c:/devkitpro/devkitarm/bin/../lib/gcc/arm-none-eabi/9.1.0/../../../../arm-none-eabi/lib/thumb\libc.a(lib_a-impure.o)
 .ARM.attributes
                0x0000000000000588       0x30 c:/devkitpro/devkitarm/bin/../lib/gcc/arm-none-eabi/9.1.0/thumb/crtend.o
 .ARM.attributes
                0x00000000000005b8       0x1c c:/devkitpro/devkitarm/bin/../lib/gcc/arm-none-eabi/9.1.0/thumb/crtn.o

/DISCARD/
 *(.note.GNU-stack)
LOAD c:/devkitpro/devkitarm/bin/../lib/gcc/arm-none-eabi/9.1.0/../../../../arm-none-eabi/lib/thumb/gba_crt0.o
LOAD c:/devkitpro/devkitarm/bin/../lib/gcc/arm-none-eabi/9.1.0/thumb/crti.o
LOAD c:/devkitpro/devkitarm/bin/../lib/gcc/arm-none-eabi/9.1.0/thumb/crtbegin.o
LOAD chirpy-gfx.bin.o
LOAD chirpy-pal.bin.o
LOAD soundbank.bin.o
LOAD animations.o
LOAD game.o
LOAD interrupt.o
LOAD lang.o
LOAD main.o
LOAD menus.o
LOAD player.o
LOAD sound.o
LOAD sram.o
LOAD C:/devkitPro/libgba/lib\libmm.a
LOAD c:/devkitpro/devkitarm/bin/../lib/gcc/arm-none-eabi/9.1.0/../../../../arm-none-eabi/lib\libheart.a
START GROUP
LOAD c:/devkitpro/devkitarm/bin/../lib/gcc/arm-none-eabi/9.1.0/thumb\libgcc.a
LOAD c:/devkitpro/devkitarm/bin/../lib/gcc/arm-none-eabi/9.1.0/../../../../arm-none-eabi/lib/thumb\libc.a
LOAD c:/devkitpro/devkitarm/bin/../lib/gcc/arm-none-eabi/9.1.0/../../../../arm-none-eabi/lib/thumb\libsysbase.a
END GROUP
LOAD c:/devkitpro/devkitarm/bin/../lib/gcc/arm-none-eabi/9.1.0/thumb/crtend.o
LOAD c:/devkitpro/devkitarm/bin/../lib/gcc/arm-none-eabi/9.1.0/thumb/crtn.o
OUTPUT(C:/Users/stero/Documents/GitHub/Chirpys-Adventure/Chirpys-Adventure.elf elf32-littlearm)
