Archive member included to satisfy reference by file (symbol)

C:/devkitPro/libgba/lib\libmm.a(mm_mas.o)
                              main.o (mmStart)
C:/devkitPro/libgba/lib\libmm.a(mm_main.o)
                              C:/devkitPro/libgba/lib\libmm.a(mm_mas.o) (mmCallback)
C:/devkitPro/libgba/lib\libmm.a(mm_effect.o)
                              C:/devkitPro/libgba/lib\libmm.a(mm_main.o) (mmResetEffects)
C:/devkitPro/libgba/lib\libmm.a(mm_mas_arm.o)
                              C:/devkitPro/libgba/lib\libmm.a(mm_mas.o) (mmAllocChannel)
C:/devkitPro/libgba/lib\libmm.a(mm_mixer_gba.o)
                              interrupt.o (mmVBlank)
C:/devkitPro/libgba/lib\libmm.a(mm_init_default.o)
                              main.o (mmInitDefault)
c:/devkitpro/devkitarm/bin/../lib/gcc/arm-none-eabi/9.1.0/../../../../arm-none-eabi/lib\libheart.a(fx.o)
                              main.o (hrt_SetFXMode)
c:/devkitpro/devkitarm/bin/../lib/gcc/arm-none-eabi/9.1.0/../../../../arm-none-eabi/lib\libheart.a(interrupt.o)
                              main.o (hrt_InitIRQ)
c:/devkitpro/devkitarm/bin/../lib/gcc/arm-none-eabi/9.1.0/../../../../arm-none-eabi/lib\libheart.a(bios.o)
                              main.o (hrt_VblankIntrWait)
c:/devkitpro/devkitarm/bin/../lib/gcc/arm-none-eabi/9.1.0/../../../../arm-none-eabi/lib\libheart.a(input.o)
                              interrupt.o (hrt_ScanKeys)
c:/devkitpro/devkitarm/bin/../lib/gcc/arm-none-eabi/9.1.0/../../../../arm-none-eabi/lib\libheart.a(intdispatch.o)
                              c:/devkitpro/devkitarm/bin/../lib/gcc/arm-none-eabi/9.1.0/../../../../arm-none-eabi/lib\libheart.a(interrupt.o) (IntrMain)
c:/devkitpro/devkitarm/bin/../lib/gcc/arm-none-eabi/9.1.0/thumb\libgcc.a(_call_via_rX.o)
                              C:/devkitPro/libgba/lib\libmm.a(mm_main.o) (_call_via_r1)
c:/devkitpro/devkitarm/bin/../lib/gcc/arm-none-eabi/9.1.0/../../../../arm-none-eabi/lib/thumb\libc.a(lib_a-init.o)
                              c:/devkitpro/devkitarm/bin/../lib/gcc/arm-none-eabi/9.1.0/../../../../arm-none-eabi/lib/thumb/gba_crt0.o (__libc_init_array)
c:/devkitpro/devkitarm/bin/../lib/gcc/arm-none-eabi/9.1.0/../../../../arm-none-eabi/lib/thumb\libc.a(lib_a-malloc.o)
                              C:/devkitPro/libgba/lib\libmm.a(mm_init_default.o) (malloc)
c:/devkitpro/devkitarm/bin/../lib/gcc/arm-none-eabi/9.1.0/../../../../arm-none-eabi/lib/thumb\libc.a(lib_a-mallocr.o)
                              c:/devkitpro/devkitarm/bin/../lib/gcc/arm-none-eabi/9.1.0/../../../../arm-none-eabi/lib/thumb\libc.a(lib_a-malloc.o) (_malloc_r)
c:/devkitpro/devkitarm/bin/../lib/gcc/arm-none-eabi/9.1.0/../../../../arm-none-eabi/lib/thumb\libc.a(lib_a-mlock.o)
                              c:/devkitpro/devkitarm/bin/../lib/gcc/arm-none-eabi/9.1.0/../../../../arm-none-eabi/lib/thumb\libc.a(lib_a-mallocr.o) (__malloc_lock)
c:/devkitpro/devkitarm/bin/../lib/gcc/arm-none-eabi/9.1.0/../../../../arm-none-eabi/lib/thumb\libc.a(lib_a-freer.o)
                              c:/devkitpro/devkitarm/bin/../lib/gcc/arm-none-eabi/9.1.0/../../../../arm-none-eabi/lib/thumb\libc.a(lib_a-malloc.o) (_free_r)
c:/devkitpro/devkitarm/bin/../lib/gcc/arm-none-eabi/9.1.0/../../../../arm-none-eabi/lib/thumb\libsysbase.a(sbrk.o)
                              c:/devkitpro/devkitarm/bin/../lib/gcc/arm-none-eabi/9.1.0/../../../../arm-none-eabi/lib/thumb\libc.a(lib_a-mallocr.o) (_sbrk_r)
c:/devkitpro/devkitarm/bin/../lib/gcc/arm-none-eabi/9.1.0/../../../../arm-none-eabi/lib/thumb\libsysbase.a(malloc_vars.o)
                              c:/devkitpro/devkitarm/bin/../lib/gcc/arm-none-eabi/9.1.0/../../../../arm-none-eabi/lib/thumb\libsysbase.a(sbrk.o) (fake_heap_start)
c:/devkitpro/devkitarm/bin/../lib/gcc/arm-none-eabi/9.1.0/../../../../arm-none-eabi/lib/thumb\libsysbase.a(syscall_support.o)
                              c:/devkitpro/devkitarm/bin/../lib/gcc/arm-none-eabi/9.1.0/../../../../arm-none-eabi/lib/thumb\libc.a(lib_a-mlock.o) (__libc_lock_acquire_recursive)
c:/devkitpro/devkitarm/bin/../lib/gcc/arm-none-eabi/9.1.0/../../../../arm-none-eabi/lib/thumb\libsysbase.a(getreent.o)
                              c:/devkitpro/devkitarm/bin/../lib/gcc/arm-none-eabi/9.1.0/../../../../arm-none-eabi/lib/thumb\libc.a(lib_a-malloc.o) (__getreent)
c:/devkitpro/devkitarm/bin/../lib/gcc/arm-none-eabi/9.1.0/../../../../arm-none-eabi/lib/thumb\libc.a(lib_a-impure.o)
                              c:/devkitpro/devkitarm/bin/../lib/gcc/arm-none-eabi/9.1.0/../../../../arm-none-eabi/lib/thumb\libsysbase.a(getreent.o) (_impure_ptr)

Allocating common symbols
Common symbol       size              file

keys_down           0x2               interrupt.o
IntrTable           0x78              c:/devkitpro/devkitarm/bin/../lib/gcc/arm-none-eabi/9.1.0/../../../../arm-none-eabi/lib\libheart.a(interrupt.o)
keys_held           0x2               interrupt.o
keys_up             0x2               interrupt.o

Discarded input sections

 .text          0x0000000000000000        0x0 c:/devkitpro/devkitarm/bin/../lib/gcc/arm-none-eabi/9.1.0/../../../../arm-none-eabi/lib/thumb/gba_crt0.o
 .data          0x0000000000000000        0x0 c:/devkitpro/devkitarm/bin/../lib/gcc/arm-none-eabi/9.1.0/../../../../arm-none-eabi/lib/thumb/gba_crt0.o
 .bss           0x0000000000000000        0x0 c:/devkitpro/devkitarm/bin/../lib/gcc/arm-none-eabi/9.1.0/../../../../arm-none-eabi/lib/thumb/gba_crt0.o
 .text          0x0000000000000000        0x0 c:/devkitpro/devkitarm/bin/../lib/gcc/arm-none-eabi/9.1.0/thumb/crti.o
 .data          0x0000000000000000        0x0 c:/devkitpro/devkitarm/bin/../lib/gcc/arm-none-eabi/9.1.0/thumb/crti.o
 .bss           0x0000000000000000        0x0 c:/devkitpro/devkitarm/bin/../lib/gcc/arm-none-eabi/9.1.0/thumb/crti.o
 .text          0x0000000000000000        0x0 c:/devkitpro/devkitarm/bin/../lib/gcc/arm-none-eabi/9.1.0/thumb/crtbegin.o
 .data          0x0000000000000000        0x0 c:/devkitpro/devkitarm/bin/../lib/gcc/arm-none-eabi/9.1.0/thumb/crtbegin.o
 .bss           0x0000000000000000        0x0 c:/devkitpro/devkitarm/bin/../lib/gcc/arm-none-eabi/9.1.0/thumb/crtbegin.o
 .data.__dso_handle
                0x0000000000000000        0x4 c:/devkitpro/devkitarm/bin/../lib/gcc/arm-none-eabi/9.1.0/thumb/crtbegin.o
 .text          0x0000000000000000        0x0 soundbank.bin.o
 .data          0x0000000000000000        0x0 soundbank.bin.o
 .bss           0x0000000000000000        0x0 soundbank.bin.o
 .text          0x0000000000000000        0x0 animations.o
 .data          0x0000000000000000        0x0 animations.o
 .bss           0x0000000000000000        0x0 animations.o
 .comment       0x0000000000000000       0x23 animations.o
 .data          0x0000000000000000        0x0 interrupt.o
 .bss           0x0000000000000000        0x0 interrupt.o
 .text          0x0000000000000000        0x0 lang.o
 .data          0x0000000000000000      0x1c0 lang.o
 .bss           0x0000000000000000        0x0 lang.o
 .rodata.str1.4
                0x0000000000000000      0x5d7 lang.o
 .rodata        0x0000000000000000      0x4f7 lang.o
 .comment       0x0000000000000000       0x23 lang.o
 .text          0x0000000000000000        0x0 main.o
 .data          0x0000000000000000        0x0 main.o
 .bss           0x0000000000000000        0x0 main.o
 .text          0x0000000000000000        0x0 menus.o
 .data          0x0000000000000000        0x0 menus.o
 .bss           0x0000000000000000        0x0 menus.o
 .comment       0x0000000000000000       0x23 menus.o
 .text          0x0000000000000000        0x0 player.o
 .data          0x0000000000000000        0x0 player.o
 .bss           0x0000000000000000        0x0 player.o
 .comment       0x0000000000000000       0x23 player.o
 .text          0x0000000000000000        0x0 sram.o
 .data          0x0000000000000000        0x0 sram.o
 .bss           0x0000000000000000        0x0 sram.o
 .comment       0x0000000000000000       0x23 sram.o
 .data          0x0000000000000000        0x0 C:/devkitPro/libgba/lib\libmm.a(mm_mas.o)
 .data          0x0000000000000000        0x0 C:/devkitPro/libgba/lib\libmm.a(mm_main.o)
 .data          0x0000000000000000        0x0 C:/devkitPro/libgba/lib\libmm.a(mm_effect.o)
 .text          0x0000000000000000        0x0 C:/devkitPro/libgba/lib\libmm.a(mm_mas_arm.o)
 .data          0x0000000000000000        0x0 C:/devkitPro/libgba/lib\libmm.a(mm_mas_arm.o)
 .bss           0x0000000000000000        0x0 C:/devkitPro/libgba/lib\libmm.a(mm_mas_arm.o)
 .data          0x0000000000000000        0x0 C:/devkitPro/libgba/lib\libmm.a(mm_mixer_gba.o)
 .data          0x0000000000000000        0x0 C:/devkitPro/libgba/lib\libmm.a(mm_init_default.o)
 .data          0x0000000000000000        0x0 c:/devkitpro/devkitarm/bin/../lib/gcc/arm-none-eabi/9.1.0/../../../../arm-none-eabi/lib\libheart.a(fx.o)
 .bss           0x0000000000000000        0x0 c:/devkitpro/devkitarm/bin/../lib/gcc/arm-none-eabi/9.1.0/../../../../arm-none-eabi/lib\libheart.a(fx.o)
 .data          0x0000000000000000        0x0 c:/devkitpro/devkitarm/bin/../lib/gcc/arm-none-eabi/9.1.0/../../../../arm-none-eabi/lib\libheart.a(interrupt.o)
 .bss           0x0000000000000000        0x0 c:/devkitpro/devkitarm/bin/../lib/gcc/arm-none-eabi/9.1.0/../../../../arm-none-eabi/lib\libheart.a(interrupt.o)
 .data          0x0000000000000000        0x0 c:/devkitpro/devkitarm/bin/../lib/gcc/arm-none-eabi/9.1.0/../../../../arm-none-eabi/lib\libheart.a(bios.o)
 .bss           0x0000000000000000        0x0 c:/devkitpro/devkitarm/bin/../lib/gcc/arm-none-eabi/9.1.0/../../../../arm-none-eabi/lib\libheart.a(bios.o)
 .text          0x0000000000000000        0x0 c:/devkitpro/devkitarm/bin/../lib/gcc/arm-none-eabi/9.1.0/../../../../arm-none-eabi/lib\libheart.a(intdispatch.o)
 .data          0x0000000000000000        0x0 c:/devkitpro/devkitarm/bin/../lib/gcc/arm-none-eabi/9.1.0/../../../../arm-none-eabi/lib\libheart.a(intdispatch.o)
 .bss           0x0000000000000000        0x0 c:/devkitpro/devkitarm/bin/../lib/gcc/arm-none-eabi/9.1.0/../../../../arm-none-eabi/lib\libheart.a(intdispatch.o)
 .data          0x0000000000000000        0x0 c:/devkitpro/devkitarm/bin/../lib/gcc/arm-none-eabi/9.1.0/thumb\libgcc.a(_call_via_rX.o)
 .bss           0x0000000000000000        0x0 c:/devkitpro/devkitarm/bin/../lib/gcc/arm-none-eabi/9.1.0/thumb\libgcc.a(_call_via_rX.o)
 .text          0x0000000000000000        0x0 c:/devkitpro/devkitarm/bin/../lib/gcc/arm-none-eabi/9.1.0/../../../../arm-none-eabi/lib/thumb\libc.a(lib_a-init.o)
 .data          0x0000000000000000        0x0 c:/devkitpro/devkitarm/bin/../lib/gcc/arm-none-eabi/9.1.0/../../../../arm-none-eabi/lib/thumb\libc.a(lib_a-init.o)
 .bss           0x0000000000000000        0x0 c:/devkitpro/devkitarm/bin/../lib/gcc/arm-none-eabi/9.1.0/../../../../arm-none-eabi/lib/thumb\libc.a(lib_a-init.o)
 .text          0x0000000000000000        0x0 c:/devkitpro/devkitarm/bin/../lib/gcc/arm-none-eabi/9.1.0/../../../../arm-none-eabi/lib/thumb\libc.a(lib_a-malloc.o)
 .data          0x0000000000000000        0x0 c:/devkitpro/devkitarm/bin/../lib/gcc/arm-none-eabi/9.1.0/../../../../arm-none-eabi/lib/thumb\libc.a(lib_a-malloc.o)
 .bss           0x0000000000000000        0x0 c:/devkitpro/devkitarm/bin/../lib/gcc/arm-none-eabi/9.1.0/../../../../arm-none-eabi/lib/thumb\libc.a(lib_a-malloc.o)
 .text.free     0x0000000000000000       0x14 c:/devkitpro/devkitarm/bin/../lib/gcc/arm-none-eabi/9.1.0/../../../../arm-none-eabi/lib/thumb\libc.a(lib_a-malloc.o)
 .text          0x0000000000000000        0x0 c:/devkitpro/devkitarm/bin/../lib/gcc/arm-none-eabi/9.1.0/../../../../arm-none-eabi/lib/thumb\libc.a(lib_a-mallocr.o)
 .data          0x0000000000000000        0x0 c:/devkitpro/devkitarm/bin/../lib/gcc/arm-none-eabi/9.1.0/../../../../arm-none-eabi/lib/thumb\libc.a(lib_a-mallocr.o)
 .bss           0x0000000000000000        0x0 c:/devkitpro/devkitarm/bin/../lib/gcc/arm-none-eabi/9.1.0/../../../../arm-none-eabi/lib/thumb\libc.a(lib_a-mallocr.o)
 .text          0x0000000000000000        0x0 c:/devkitpro/devkitarm/bin/../lib/gcc/arm-none-eabi/9.1.0/../../../../arm-none-eabi/lib/thumb\libc.a(lib_a-mlock.o)
 .data          0x0000000000000000        0x0 c:/devkitpro/devkitarm/bin/../lib/gcc/arm-none-eabi/9.1.0/../../../../arm-none-eabi/lib/thumb\libc.a(lib_a-mlock.o)
 .bss           0x0000000000000000        0x0 c:/devkitpro/devkitarm/bin/../lib/gcc/arm-none-eabi/9.1.0/../../../../arm-none-eabi/lib/thumb\libc.a(lib_a-mlock.o)
 .text          0x0000000000000000        0x0 c:/devkitpro/devkitarm/bin/../lib/gcc/arm-none-eabi/9.1.0/../../../../arm-none-eabi/lib/thumb\libc.a(lib_a-freer.o)
 .data          0x0000000000000000        0x0 c:/devkitpro/devkitarm/bin/../lib/gcc/arm-none-eabi/9.1.0/../../../../arm-none-eabi/lib/thumb\libc.a(lib_a-freer.o)
 .bss           0x0000000000000000        0x0 c:/devkitpro/devkitarm/bin/../lib/gcc/arm-none-eabi/9.1.0/../../../../arm-none-eabi/lib/thumb\libc.a(lib_a-freer.o)
 .text          0x0000000000000000        0x0 c:/devkitpro/devkitarm/bin/../lib/gcc/arm-none-eabi/9.1.0/../../../../arm-none-eabi/lib/thumb\libsysbase.a(sbrk.o)
 .data          0x0000000000000000        0x0 c:/devkitpro/devkitarm/bin/../lib/gcc/arm-none-eabi/9.1.0/../../../../arm-none-eabi/lib/thumb\libsysbase.a(sbrk.o)
 .bss           0x0000000000000000        0x0 c:/devkitpro/devkitarm/bin/../lib/gcc/arm-none-eabi/9.1.0/../../../../arm-none-eabi/lib/thumb\libsysbase.a(sbrk.o)
 .text          0x0000000000000000        0x0 c:/devkitpro/devkitarm/bin/../lib/gcc/arm-none-eabi/9.1.0/../../../../arm-none-eabi/lib/thumb\libsysbase.a(malloc_vars.o)
 .data          0x0000000000000000        0x0 c:/devkitpro/devkitarm/bin/../lib/gcc/arm-none-eabi/9.1.0/../../../../arm-none-eabi/lib/thumb\libsysbase.a(malloc_vars.o)
 .bss           0x0000000000000000        0x0 c:/devkitpro/devkitarm/bin/../lib/gcc/arm-none-eabi/9.1.0/../../../../arm-none-eabi/lib/thumb\libsysbase.a(malloc_vars.o)
 .text          0x0000000000000000        0x0 c:/devkitpro/devkitarm/bin/../lib/gcc/arm-none-eabi/9.1.0/../../../../arm-none-eabi/lib/thumb\libsysbase.a(syscall_support.o)
 .data          0x0000000000000000        0x0 c:/devkitpro/devkitarm/bin/../lib/gcc/arm-none-eabi/9.1.0/../../../../arm-none-eabi/lib/thumb\libsysbase.a(syscall_support.o)
 .bss           0x0000000000000000        0x0 c:/devkitpro/devkitarm/bin/../lib/gcc/arm-none-eabi/9.1.0/../../../../arm-none-eabi/lib/thumb\libsysbase.a(syscall_support.o)
 .text.__libc_lock_init
                0x0000000000000000       0x1c c:/devkitpro/devkitarm/bin/../lib/gcc/arm-none-eabi/9.1.0/../../../../arm-none-eabi/lib/thumb\libsysbase.a(syscall_support.o)
 .text.__libc_lock_acquire
                0x0000000000000000       0x1c c:/devkitpro/devkitarm/bin/../lib/gcc/arm-none-eabi/9.1.0/../../../../arm-none-eabi/lib/thumb\libsysbase.a(syscall_support.o)
 .text.__libc_lock_try_acquire
                0x0000000000000000       0x24 c:/devkitpro/devkitarm/bin/../lib/gcc/arm-none-eabi/9.1.0/../../../../arm-none-eabi/lib/thumb\libsysbase.a(syscall_support.o)
 .text.__libc_lock_release
                0x0000000000000000       0x1c c:/devkitpro/devkitarm/bin/../lib/gcc/arm-none-eabi/9.1.0/../../../../arm-none-eabi/lib/thumb\libsysbase.a(syscall_support.o)
 .text.__libc_lock_close
                0x0000000000000000       0x1c c:/devkitpro/devkitarm/bin/../lib/gcc/arm-none-eabi/9.1.0/../../../../arm-none-eabi/lib/thumb\libsysbase.a(syscall_support.o)
 .text.__libc_lock_init_recursive
                0x0000000000000000       0x1c c:/devkitpro/devkitarm/bin/../lib/gcc/arm-none-eabi/9.1.0/../../../../arm-none-eabi/lib/thumb\libsysbase.a(syscall_support.o)
 .text.__libc_lock_try_acquire_recursive
                0x0000000000000000       0x24 c:/devkitpro/devkitarm/bin/../lib/gcc/arm-none-eabi/9.1.0/../../../../arm-none-eabi/lib/thumb\libsysbase.a(syscall_support.o)
 .text.__libc_lock_close_recursive
                0x0000000000000000       0x1c c:/devkitpro/devkitarm/bin/../lib/gcc/arm-none-eabi/9.1.0/../../../../arm-none-eabi/lib/thumb\libsysbase.a(syscall_support.o)
 .text          0x0000000000000000        0x0 c:/devkitpro/devkitarm/bin/../lib/gcc/arm-none-eabi/9.1.0/../../../../arm-none-eabi/lib/thumb\libsysbase.a(getreent.o)
 .data          0x0000000000000000        0x0 c:/devkitpro/devkitarm/bin/../lib/gcc/arm-none-eabi/9.1.0/../../../../arm-none-eabi/lib/thumb\libsysbase.a(getreent.o)
 .bss           0x0000000000000000        0x0 c:/devkitpro/devkitarm/bin/../lib/gcc/arm-none-eabi/9.1.0/../../../../arm-none-eabi/lib/thumb\libsysbase.a(getreent.o)
 .text          0x0000000000000000        0x0 c:/devkitpro/devkitarm/bin/../lib/gcc/arm-none-eabi/9.1.0/../../../../arm-none-eabi/lib/thumb\libc.a(lib_a-impure.o)
 .data          0x0000000000000000        0x0 c:/devkitpro/devkitarm/bin/../lib/gcc/arm-none-eabi/9.1.0/../../../../arm-none-eabi/lib/thumb\libc.a(lib_a-impure.o)
 .bss           0x0000000000000000        0x0 c:/devkitpro/devkitarm/bin/../lib/gcc/arm-none-eabi/9.1.0/../../../../arm-none-eabi/lib/thumb\libc.a(lib_a-impure.o)
 .rodata._global_impure_ptr
                0x0000000000000000        0x4 c:/devkitpro/devkitarm/bin/../lib/gcc/arm-none-eabi/9.1.0/../../../../arm-none-eabi/lib/thumb\libc.a(lib_a-impure.o)
 .text          0x0000000000000000        0x0 c:/devkitpro/devkitarm/bin/../lib/gcc/arm-none-eabi/9.1.0/thumb/crtend.o
 .data          0x0000000000000000        0x0 c:/devkitpro/devkitarm/bin/../lib/gcc/arm-none-eabi/9.1.0/thumb/crtend.o
 .bss           0x0000000000000000        0x0 c:/devkitpro/devkitarm/bin/../lib/gcc/arm-none-eabi/9.1.0/thumb/crtend.o
 .text          0x0000000000000000        0x0 c:/devkitpro/devkitarm/bin/../lib/gcc/arm-none-eabi/9.1.0/thumb/crtn.o
 .data          0x0000000000000000        0x0 c:/devkitpro/devkitarm/bin/../lib/gcc/arm-none-eabi/9.1.0/thumb/crtn.o
 .bss           0x0000000000000000        0x0 c:/devkitpro/devkitarm/bin/../lib/gcc/arm-none-eabi/9.1.0/thumb/crtn.o

Memory Configuration

Name             Origin             Length             Attributes
rom              0x0000000008000000 0x0000000002000000
iwram            0x0000000003000000 0x0000000000008000
ewram            0x0000000002000000 0x0000000000040000
*default*        0x0000000000000000 0xffffffffffffffff

Linker script and memory map

                0x0000000008000000                __text_start = ORIGIN (rom)
                0x0000000002040000                __eheap_end = (ORIGIN (ewram) + LENGTH (ewram))
                0x0000000003000000                __iwram_start = ORIGIN (iwram)
                0x0000000003008000                __iwram_top = (ORIGIN (iwram) + LENGTH (iwram))
                0x0000000003007fa0                __sp_irq = (__iwram_top - 0x60)
                0x0000000003007f00                __sp_usr = (__sp_irq - 0xa0)
                0x0000000003007ff8                __irq_flags = 0x3007ff8
                0x0000000008000000                . = __text_start

.crt0           0x0000000008000000      0x210
 *(.crt0)
 .crt0          0x0000000008000000      0x210 c:/devkitpro/devkitarm/bin/../lib/gcc/arm-none-eabi/9.1.0/../../../../arm-none-eabi/lib/thumb/gba_crt0.o
                0x0000000008000000                _start
                0x00000000080000c4                __boot_method
                0x00000000080000c5                __slave_number
                0x00000000080000e0                start_vector
                0x0000000008000210                . = ALIGN (0x4)

.init           0x0000000008000210        0xc
 *(SORT_NONE(.init))
 .init          0x0000000008000210        0x4 c:/devkitpro/devkitarm/bin/../lib/gcc/arm-none-eabi/9.1.0/thumb/crti.o
                0x0000000008000210                _init
 .init          0x0000000008000214        0x8 c:/devkitpro/devkitarm/bin/../lib/gcc/arm-none-eabi/9.1.0/thumb/crtn.o

.plt            0x000000000800021c        0x0
 *(.plt)
                0x000000000800021c                . = ALIGN (0x4)

.text           0x0000000008000220     0x2e08
 *(EXCLUDE_FILE(*.iwram*) .text*)
 .text.deregister_tm_clones
                0x0000000008000220       0x2c c:/devkitpro/devkitarm/bin/../lib/gcc/arm-none-eabi/9.1.0/thumb/crtbegin.o
 .text.register_tm_clones
                0x000000000800024c       0x34 c:/devkitpro/devkitarm/bin/../lib/gcc/arm-none-eabi/9.1.0/thumb/crtbegin.o
 .text.__do_global_dtors_aux
                0x0000000008000280       0x30 c:/devkitpro/devkitarm/bin/../lib/gcc/arm-none-eabi/9.1.0/thumb/crtbegin.o
 .text.frame_dummy
                0x00000000080002b0       0x28 c:/devkitpro/devkitarm/bin/../lib/gcc/arm-none-eabi/9.1.0/thumb/crtbegin.o
 .text          0x00000000080002d8       0x44 interrupt.o
                0x00000000080002d8                vblFunc
                0x0000000008000318                hblFunc
 .text.startup  0x000000000800031c       0x70 main.o
                0x000000000800031c                main
 .text          0x000000000800038c     0x155c C:/devkitPro/libgba/lib\libmm.a(mm_mas.o)
                0x0000000008000400                mmStart
                0x0000000008000420                mmJingle
                0x0000000008000426                mmPlayModule
                0x00000000080004f0                mmPause
                0x000000000800050c                mmResume
                0x000000000800051c                mmActive
                0x0000000008000522                mmActiveSub
                0x0000000008000528                mmSetModuleVolume
                0x0000000008000538                mmSetJingleVolume
                0x0000000008000574                mmPosition
                0x000000000800058e                mmSetModuleTempo
                0x00000000080005c0                mmSetModulePitch
                0x0000000008000600                mmStop
                0x00000000080006c6                mppUpdateSub
                0x0000000008000822                mpp_Process_VolumeCommand
                0x0000000008000a5a                mpp_Process_Effect
                0x00000000080011a8                ST3_FREQTABLE
                0x00000000080015c8                IT_PitchTable
 .text          0x00000000080018e8      0x140 C:/devkitPro/libgba/lib\libmm.a(mm_main.o)
                0x00000000080018e8                mpp_call_r7
                0x00000000080018ea                mpp_call_r1
                0x00000000080018ec                mpp_call_r2
                0x00000000080018ee                mpp_call_r3
                0x00000000080018f0                mmSetEventHandler
                0x00000000080018f8                mmInit
                0x000000000800194c                mmSetVBlankHandler
                0x0000000008001952                mmFrame
 .text          0x0000000008001a28      0x300 C:/devkitPro/libgba/lib\libmm.a(mm_effect.o)
                0x0000000008001a28                mmResetEffects
                0x0000000008001a54                mmEffect
                0x0000000008001a6a                mmEffectEx
                0x0000000008001b88                mmEffectVolume
                0x0000000008001ba4                mmEffectPanning
                0x0000000008001bb8                mmEffectRate
                0x0000000008001bcc                mmEffectCancel
                0x0000000008001c06                mmEffectRelease
                0x0000000008001c2c                mmEffectScaleRate
                0x0000000008001c40                mmSetEffectsVolume
                0x0000000008001c4e                mmEffectCancelAll
                0x0000000008001c8e                mmUpdateEffects
 .text          0x0000000008001d28      0x1e0 C:/devkitPro/libgba/lib\libmm.a(mm_mixer_gba.o)
                0x0000000008001d28                mmMixerSetSource
                0x0000000008001d3c                mmMixerSetRead
                0x0000000008001d4a                mmMixerSetFreq
                0x0000000008001d5a                mmMixerMulFreq
                0x0000000008001d6e                mmMixerStopChannel
                0x0000000008001d80                mmMixerChannelActive
                0x0000000008001d92                mmMixerSetVolume
                0x0000000008001da0                mmMixerSetPan
                0x0000000008001dae                mmMixerInit
 .text          0x0000000008001f08       0x44 C:/devkitPro/libgba/lib\libmm.a(mm_init_default.o)
                0x0000000008001f08                mmInitDefault
 .text          0x0000000008001f4c      0x154 c:/devkitpro/devkitarm/bin/../lib/gcc/arm-none-eabi/9.1.0/../../../../arm-none-eabi/lib\libheart.a(fx.o)
                0x0000000008001f4c                hrt_SetFXMode
                0x0000000008001f58                hrt_SetFXLevel
                0x0000000008001f64                hrt_FXSetBlendMode
                0x0000000008001f7c                hrt_SetFXAlphaLevel
                0x0000000008001f8c                hrt_FXToggleBackdrop
                0x0000000008001fac                hrt_FXToggleOBJ
                0x0000000008001fcc                hrt_FXToggleBG
                0x0000000008001fe8                hrt_FXEnableBackdrop
                0x0000000008002008                hrt_FXDisableBackdrop
                0x0000000008002028                hrt_FXEnableBG
                0x0000000008002044                hrt_FXDisableBG
                0x0000000008002060                hrt_FXEnableOBJ
                0x0000000008002080                hrt_FXDisableOBJ
 .text          0x00000000080020a0      0x398 c:/devkitpro/devkitarm/bin/../lib/gcc/arm-none-eabi/9.1.0/../../../../arm-none-eabi/lib\libheart.a(interrupt.o)
                0x00000000080020a0                dummy
                0x00000000080020a4                hrt_InitIRQ
                0x0000000008002148                hrt_SetIRQ
                0x000000000800230c                hrt_EnableIRQ
                0x0000000008002368                hrt_ToggleIRQ
                0x00000000080023c4                hrt_IsIRQEnabled
                0x00000000080023dc                hrt_DisableIRQ
 .text          0x0000000008002438       0xc0 c:/devkitpro/devkitarm/bin/../lib/gcc/arm-none-eabi/9.1.0/../../../../arm-none-eabi/lib\libheart.a(bios.o)
                0x0000000008002438                hrt_SoftReset
                0x000000000800243c                hrt_RegisterRamReset
                0x0000000008002440                hrt_Halt
                0x0000000008002444                hrt_Stop
                0x0000000008002448                hrt_IntrWait
                0x000000000800244c                hrt_VblankIntrWait
                0x0000000008002450                hrt_Div
                0x0000000008002454                hrt_DivMod
                0x000000000800245a                hrt_DivAbs
                0x0000000008002460                hrt_DivArm
                0x0000000008002464                hrt_DivArmMod
                0x000000000800246a                hrt_DivArmAbs
                0x0000000008002470                hrt_Sqrt
                0x000000000800247c                hrt_CpuSet
                0x0000000008002480                hrt_CpuFastSet
                0x0000000008002484                hrt_GetBiosChecksum
                0x0000000008002488                hrt_BgAffineSet
                0x000000000800248c                hrt_ObjAffineSet
                0x0000000008002490                hrt_BitUnPack
                0x0000000008002494                hrt_LZ77UnCompWram
                0x0000000008002498                hrt_LZ77UnCompVram
                0x000000000800249c                hrt_HuffUnComp
                0x00000000080024a0                hrt_RLUnCompWram
                0x00000000080024a4                hrt_RLUnCompVram
                0x00000000080024a8                hrt_Diff8bitUnFilterWram
                0x00000000080024ac                hrt_Diff8bitUnFilterVram
                0x00000000080024b0                hrt_Diff16bitUnFilter
                0x00000000080024b4                hrt_SoundDriverInit
                0x00000000080024b8                hrt_SoundDriverMode
                0x00000000080024bc                hrt_SoundDriverMain
                0x00000000080024c0                hrt_SoundDriverVSync
                0x00000000080024c4                hrt_SoundChannelClear
                0x00000000080024c8                hrt_MidiKey2Freq
                0x00000000080024cc                hrt_SoundWhatever0
                0x00000000080024d0                hrt_SoundWhatever1
                0x00000000080024d4                hrt_SoundWhatever2
                0x00000000080024d8                hrt_SoundWhatever3
                0x00000000080024dc                hrt_SoundWhatever4
                0x00000000080024e0                hrt_MultiBoot
                0x00000000080024e4                hrt_HardReset
                0x00000000080024e8                hrt_CustomHalt
                0x00000000080024ec                hrt_SoundDriverVSyncOff
                0x00000000080024f0                hrt_SoundDriverVSyncOn
                0x00000000080024f4                hrt_SoundGetJumpList
 .text          0x00000000080024f8      0x124 c:/devkitpro/devkitarm/bin/../lib/gcc/arm-none-eabi/9.1.0/../../../../arm-none-eabi/lib\libheart.a(input.o)
                0x00000000080024f8                hrt_SetInputRepeat
                0x000000000800250c                hrt_ScanKeys
                0x00000000080025c4                hrt_KeysDownRepeat
                0x00000000080025dc                hrt_KeysDown
                0x00000000080025f4                hrt_KeysUp
                0x000000000800260c                hrt_KeysHeld
 .text          0x000000000800261c       0x3c c:/devkitpro/devkitarm/bin/../lib/gcc/arm-none-eabi/9.1.0/thumb\libgcc.a(_call_via_rX.o)
                0x000000000800261c                _call_via_r0
                0x0000000008002620                _call_via_r1
                0x0000000008002624                _call_via_r2
                0x0000000008002628                _call_via_r3
                0x000000000800262c                _call_via_r4
                0x0000000008002630                _call_via_r5
                0x0000000008002634                _call_via_r6
                0x0000000008002638                _call_via_r7
                0x000000000800263c                _call_via_r8
                0x0000000008002640                _call_via_r9
                0x0000000008002644                _call_via_sl
                0x0000000008002648                _call_via_fp
                0x000000000800264c                _call_via_ip
                0x0000000008002650                _call_via_sp
                0x0000000008002654                _call_via_lr
 .text.__libc_init_array
                0x0000000008002658       0x50 c:/devkitpro/devkitarm/bin/../lib/gcc/arm-none-eabi/9.1.0/../../../../arm-none-eabi/lib/thumb\libc.a(lib_a-init.o)
                0x0000000008002658                __libc_init_array
 .text.malloc   0x00000000080026a8       0x14 c:/devkitpro/devkitarm/bin/../lib/gcc/arm-none-eabi/9.1.0/../../../../arm-none-eabi/lib/thumb\libc.a(lib_a-malloc.o)
                0x00000000080026a8                malloc
 .text._malloc_r
                0x00000000080026bc      0x59c c:/devkitpro/devkitarm/bin/../lib/gcc/arm-none-eabi/9.1.0/../../../../arm-none-eabi/lib/thumb\libc.a(lib_a-mallocr.o)
                0x00000000080026bc                _malloc_r
 .text.__malloc_lock
                0x0000000008002c58       0x14 c:/devkitpro/devkitarm/bin/../lib/gcc/arm-none-eabi/9.1.0/../../../../arm-none-eabi/lib/thumb\libc.a(lib_a-mlock.o)
                0x0000000008002c58                __malloc_lock
 .text.__malloc_unlock
                0x0000000008002c6c       0x14 c:/devkitpro/devkitarm/bin/../lib/gcc/arm-none-eabi/9.1.0/../../../../arm-none-eabi/lib/thumb\libc.a(lib_a-mlock.o)
                0x0000000008002c6c                __malloc_unlock
 .text._malloc_trim_r
                0x0000000008002c80       0xa0 c:/devkitpro/devkitarm/bin/../lib/gcc/arm-none-eabi/9.1.0/../../../../arm-none-eabi/lib/thumb\libc.a(lib_a-freer.o)
                0x0000000008002c80                _malloc_trim_r
 .text._free_r  0x0000000008002d20      0x1e0 c:/devkitpro/devkitarm/bin/../lib/gcc/arm-none-eabi/9.1.0/../../../../arm-none-eabi/lib/thumb\libc.a(lib_a-freer.o)
                0x0000000008002d20                _free_r
 .text._sbrk_r  0x0000000008002f00       0x54 c:/devkitpro/devkitarm/bin/../lib/gcc/arm-none-eabi/9.1.0/../../../../arm-none-eabi/lib/thumb\libsysbase.a(sbrk.o)
                0x0000000008002f00                _sbrk_r
 .text.__libc_lock_acquire_recursive
                0x0000000008002f54       0x1c c:/devkitpro/devkitarm/bin/../lib/gcc/arm-none-eabi/9.1.0/../../../../arm-none-eabi/lib/thumb\libsysbase.a(syscall_support.o)
                0x0000000008002f54                __libc_lock_acquire_recursive
 .text.__libc_lock_release_recursive
                0x0000000008002f70       0x1c c:/devkitpro/devkitarm/bin/../lib/gcc/arm-none-eabi/9.1.0/../../../../arm-none-eabi/lib/thumb\libsysbase.a(syscall_support.o)
                0x0000000008002f70                __libc_lock_release_recursive
 .text.__getreent
                0x0000000008002f8c       0x28 c:/devkitpro/devkitarm/bin/../lib/gcc/arm-none-eabi/9.1.0/../../../../arm-none-eabi/lib/thumb\libsysbase.a(getreent.o)
                0x0000000008002f8c                __getreent
 *fill*         0x0000000008002fb4        0x4 ff
 .text.__getreent.__stub
                0x0000000008002fb8       0x6c linker stubs
 *(.gnu.linkonce.t.*)
 *(.text.*personality*)
 *(.gnu.warning)
 *(.glue_7t)
 .glue_7t       0x0000000008003028        0x0 linker stubs
 *(.glue_7)
 .glue_7        0x0000000008003028        0x0 linker stubs
 *(.vfp11_veneer)
 .vfp11_veneer  0x0000000008003028        0x0 linker stubs
                0x0000000008003028                . = ALIGN (0x4)
                0x0000000008003028                __text_end = .

.v4_bx          0x0000000008003028        0x0
 .v4_bx         0x0000000008003028        0x0 linker stubs

.iplt           0x0000000008003028        0x0
 .iplt          0x0000000008003028        0x0 c:/devkitpro/devkitarm/bin/../lib/gcc/arm-none-eabi/9.1.0/../../../../arm-none-eabi/lib/thumb/gba_crt0.o

.fini           0x0000000008003028        0xc
 *(.fini)
 .fini          0x0000000008003028        0x4 c:/devkitpro/devkitarm/bin/../lib/gcc/arm-none-eabi/9.1.0/thumb/crti.o
                0x0000000008003028                _fini
 .fini          0x000000000800302c        0x8 c:/devkitpro/devkitarm/bin/../lib/gcc/arm-none-eabi/9.1.0/thumb/crtn.o
                0x0000000008003034                . = ALIGN (0x4)

.rodata         0x0000000008003034   0x1285fc
 *(.rodata)
 .rodata        0x0000000008003034   0x1285fc soundbank.bin.o
                0x0000000008003034                soundbank_bin
                0x000000000812b62c                soundbank_bin_size
                0x000000000812b62c                soundbank_bin_end
 *all.rodata*(*)
 *(.roda)
 *(.rodata.*)
 *(.gnu.linkonce.r*)
                0x000000000812b630                . = ALIGN (0x4)

.ARM.extab
 *(.ARM.extab* .gnu.linkonce.armextab.*)
                0x000000000812b630                __exidx_start = .

.ARM.exidx
 *(.ARM.exidx* .gnu.linkonce.armexidx.*)
                0x000000000812b630                __exidx_end = .

.ctors          0x000000000812b630        0x0
 *crtbegin.o(.ctors)
 *(EXCLUDE_FILE(*crtend.o) .ctors)
 *(SORT_BY_NAME(.ctors.*))
 *(.ctors)
                0x000000000812b630                . = ALIGN (0x4)

.dtors          0x000000000812b630        0x0
 *crtbegin.o(.dtors)
 *(EXCLUDE_FILE(*crtend.o) .dtors)
 *(SORT_BY_NAME(.dtors.*))
 *(.dtors)
                0x000000000812b630                . = ALIGN (0x4)

.eh_frame       0x000000000812b630        0x4
 *(.eh_frame)
 .eh_frame      0x000000000812b630        0x0 c:/devkitpro/devkitarm/bin/../lib/gcc/arm-none-eabi/9.1.0/thumb/crtbegin.o
 .eh_frame      0x000000000812b630        0x4 c:/devkitpro/devkitarm/bin/../lib/gcc/arm-none-eabi/9.1.0/thumb/crtend.o
                0x000000000812b634                . = ALIGN (0x4)

.gcc_except_table
                0x000000000812b634        0x0
 *(.gcc_except_table)
                0x000000000812b634                . = ALIGN (0x4)
                0x000000000812b634                __iwram_lma = .

.iwram          0x0000000003000000     0x1494 load address 0x000000000812b634
                0x0000000003000000                __iwram_start__ = ABSOLUTE (.)
 *(.iwram .iwram*)
 .iwram         0x0000000003000000      0x554 C:/devkitPro/libgba/lib\libmm.a(mm_mas.o)
                0x0000000003000000                mppProcessTick
                0x00000000030000e4                mpp_Channel_NewNote
                0x00000000030001c4                mpp_Update_ACHN_notest
 .iwram         0x0000000003000554        0x8 C:/devkitPro/libgba/lib\libmm.a(mm_main.o)
                0x0000000003000554                mpp_call_r7i
                0x0000000003000556                mpp_call_r2i
                0x0000000003000558                mpp_call_r1i
 .iwram         0x000000000300055c      0x648 C:/devkitPro/libgba/lib\libmm.a(mm_mas_arm.o)
                0x000000000300055c                mmAllocChannel
                0x00000000030005d0                mmReadPattern
                0x00000000030006bc                mmUpdateChannel_T0
                0x00000000030008fc                mmUpdateChannel_TN
                0x0000000003000a9c                mmGetPeriod
                0x0000000003000ae0                note_table_oct
                0x0000000003000afe                note_table_mod
 .iwram         0x0000000003000ba4      0x838 C:/devkitPro/libgba/lib\libmm.a(mm_mixer_gba.o)
                0x0000000003000ba8                mmVBlank
                0x0000000003000c2c                mmMixerMix
 .iwram         0x00000000030013dc       0xb8 c:/devkitpro/devkitarm/bin/../lib/gcc/arm-none-eabi/9.1.0/../../../../arm-none-eabi/lib\libheart.a(intdispatch.o)
                0x00000000030013dc                IntrMain
 *iwram.*(.text* .data*)
                0x0000000003001494                . = ALIGN (0x4)
                0x0000000003001494                __iwram_end__ = ABSOLUTE (.)
                0x000000000812cac8                __data_lma = (__iwram_lma + SIZEOF (.iwram))

.rel.dyn        0x0000000003001494        0x0 load address 0x000000000812cac8
 .rel.iplt      0x0000000003001494        0x0 c:/devkitpro/devkitarm/bin/../lib/gcc/arm-none-eabi/9.1.0/../../../../arm-none-eabi/lib/thumb/gba_crt0.o

.bss            0x0000000003001494      0x8a4
                0x0000000003001494                __bss_start = ABSOLUTE (.)
                0x0000000003001494                __bss_start__ = ABSOLUTE (.)
 *(.dynbss)
 *(.gnu.linkonce.b*)
 *(.bss*)
 .bss.completed.9071
                0x0000000003001494        0x1 c:/devkitpro/devkitarm/bin/../lib/gcc/arm-none-eabi/9.1.0/thumb/crtbegin.o
 *fill*         0x0000000003001495        0x3 
 .bss.object.9076
                0x0000000003001498       0x18 c:/devkitpro/devkitarm/bin/../lib/gcc/arm-none-eabi/9.1.0/thumb/crtbegin.o
 .bss           0x00000000030014b0      0x148 C:/devkitPro/libgba/lib\libmm.a(mm_mas.o)
                0x00000000030014b0                mmLayerMain
                0x00000000030014e8                mmLayerSub
                0x0000000003001520                mpp_vars
                0x0000000003001530                mpp_layerp
                0x0000000003001534                mpp_channels
                0x0000000003001544                mpp_nchannels
                0x0000000003001545                mpp_clayer
                0x0000000003001548                mm_achannels
                0x000000000300154c                mm_pchannels
                0x0000000003001550                mm_num_mch
                0x0000000003001554                mm_num_ach
                0x0000000003001558                mm_schannels
 .bss           0x00000000030015f8       0x20 C:/devkitPro/libgba/lib\libmm.a(mm_main.o)
                0x00000000030015f8                mmCallback
                0x00000000030015fc                mmModuleCount
                0x0000000003001600                mmModuleBank
                0x0000000003001604                mmSampleBank
                0x0000000003001608                mm_ch_mask
                0x000000000300160c                mm_vblank_function
                0x0000000003001610                mmInitialized
                0x0000000003001614                mp_solution
 .bss           0x0000000003001618       0x2d C:/devkitPro/libgba/lib\libmm.a(mm_effect.o)
                0x000000000300163c                mm_sfx_bitmask
                0x0000000003001640                mm_sfx_clearmask
 *fill*         0x0000000003001645        0x3 
 .bss           0x0000000003001648      0x1bc C:/devkitPro/libgba/lib\libmm.a(mm_mixer_gba.o)
                0x0000000003001648                mp_writepos
                0x0000000003001650                mm_mixchannels
                0x0000000003001658                mm_mixlen
                0x000000000300166c                mm_bpmdv
                0x0000000003001670                mp_mix_seg
 .bss           0x0000000003001804      0x420 C:/devkitPro/libgba/lib\libmm.a(mm_init_default.o)
 .bss           0x0000000003001c24        0xa c:/devkitpro/devkitarm/bin/../lib/gcc/arm-none-eabi/9.1.0/../../../../arm-none-eabi/lib\libheart.a(input.o)
 *fill*         0x0000000003001c2e        0x2 
 .bss.__malloc_current_mallinfo
                0x0000000003001c30       0x28 c:/devkitpro/devkitarm/bin/../lib/gcc/arm-none-eabi/9.1.0/../../../../arm-none-eabi/lib/thumb\libc.a(lib_a-mallocr.o)
                0x0000000003001c30                __malloc_current_mallinfo
 .bss.__malloc_max_sbrked_mem
                0x0000000003001c58        0x4 c:/devkitpro/devkitarm/bin/../lib/gcc/arm-none-eabi/9.1.0/../../../../arm-none-eabi/lib/thumb\libc.a(lib_a-mallocr.o)
                0x0000000003001c58                __malloc_max_sbrked_mem
 .bss.__malloc_max_total_mem
                0x0000000003001c5c        0x4 c:/devkitpro/devkitarm/bin/../lib/gcc/arm-none-eabi/9.1.0/../../../../arm-none-eabi/lib/thumb\libc.a(lib_a-mallocr.o)
                0x0000000003001c5c                __malloc_max_total_mem
 .bss.__malloc_top_pad
                0x0000000003001c60        0x4 c:/devkitpro/devkitarm/bin/../lib/gcc/arm-none-eabi/9.1.0/../../../../arm-none-eabi/lib/thumb\libc.a(lib_a-mallocr.o)
                0x0000000003001c60                __malloc_top_pad
 .bss.heap_start.6057
                0x0000000003001c64        0x4 c:/devkitpro/devkitarm/bin/../lib/gcc/arm-none-eabi/9.1.0/../../../../arm-none-eabi/lib/thumb\libsysbase.a(sbrk.o)
 .bss.fake_heap_end
                0x0000000003001c68        0x4 c:/devkitpro/devkitarm/bin/../lib/gcc/arm-none-eabi/9.1.0/../../../../arm-none-eabi/lib/thumb\libsysbase.a(malloc_vars.o)
                0x0000000003001c68                fake_heap_end
 .bss.fake_heap_start
                0x0000000003001c6c        0x4 c:/devkitpro/devkitarm/bin/../lib/gcc/arm-none-eabi/9.1.0/../../../../arm-none-eabi/lib/thumb\libsysbase.a(malloc_vars.o)
                0x0000000003001c6c                fake_heap_start
 .bss.__syscalls
                0x0000000003001c70       0x48 c:/devkitpro/devkitarm/bin/../lib/gcc/arm-none-eabi/9.1.0/../../../../arm-none-eabi/lib/thumb\libsysbase.a(syscall_support.o)
                0x0000000003001c70                __syscalls
 *(COMMON)
 COMMON         0x0000000003001cb8        0x6 interrupt.o
                0x0000000003001cb8                keys_down
                0x0000000003001cba                keys_held
                0x0000000003001cbc                keys_up
 *fill*         0x0000000003001cbe        0x2 
 COMMON         0x0000000003001cc0       0x78 c:/devkitpro/devkitarm/bin/../lib/gcc/arm-none-eabi/9.1.0/../../../../arm-none-eabi/lib\libheart.a(interrupt.o)
                0x0000000003001cc0                IntrTable
                0x0000000003001d38                . = ALIGN (0x4)
                0x0000000003001d38                __bss_end__ = ABSOLUTE (.)

.data           0x0000000003001d38      0x888 load address 0x000000000812cac8
                0x0000000003001d38                __data_start__ = ABSOLUTE (.)
 *(.data*)
 .data          0x0000000003001d38        0x3 c:/devkitpro/devkitarm/bin/../lib/gcc/arm-none-eabi/9.1.0/../../../../arm-none-eabi/lib\libheart.a(input.o)
 *fill*         0x0000000003001d3b        0x1 ff
 .data.__malloc_av_
                0x0000000003001d3c      0x408 c:/devkitpro/devkitarm/bin/../lib/gcc/arm-none-eabi/9.1.0/../../../../arm-none-eabi/lib/thumb\libc.a(lib_a-mallocr.o)
                0x0000000003001d3c                __malloc_av_
 .data.__malloc_sbrk_base
                0x0000000003002144        0x4 c:/devkitpro/devkitarm/bin/../lib/gcc/arm-none-eabi/9.1.0/../../../../arm-none-eabi/lib/thumb\libc.a(lib_a-mallocr.o)
                0x0000000003002144                __malloc_sbrk_base
 .data.__malloc_trim_threshold
                0x0000000003002148        0x4 c:/devkitpro/devkitarm/bin/../lib/gcc/arm-none-eabi/9.1.0/../../../../arm-none-eabi/lib/thumb\libc.a(lib_a-mallocr.o)
                0x0000000003002148                __malloc_trim_threshold
 .data.__malloc_recursive_mutex
                0x000000000300214c        0xc c:/devkitpro/devkitarm/bin/../lib/gcc/arm-none-eabi/9.1.0/../../../../arm-none-eabi/lib/thumb\libc.a(lib_a-mlock.o)
 .data._impure_ptr
                0x0000000003002158        0x4 c:/devkitpro/devkitarm/bin/../lib/gcc/arm-none-eabi/9.1.0/../../../../arm-none-eabi/lib/thumb\libc.a(lib_a-impure.o)
                0x0000000003002158                _impure_ptr
 *fill*         0x000000000300215c        0x4 ff
 .data.impure_data
                0x0000000003002160      0x460 c:/devkitpro/devkitarm/bin/../lib/gcc/arm-none-eabi/9.1.0/../../../../arm-none-eabi/lib/thumb\libc.a(lib_a-impure.o)
 *(.gnu.linkonce.d*)
                0x00000000030025c0                . = ALIGN (0x4)
                0x000000000812d350                __preinit_lma = (__data_lma + SIZEOF (.data))

.igot.plt       0x00000000030025c0        0x0 load address 0x000000000812d350
 .igot.plt      0x00000000030025c0        0x0 c:/devkitpro/devkitarm/bin/../lib/gcc/arm-none-eabi/9.1.0/../../../../arm-none-eabi/lib/thumb/gba_crt0.o

.tm_clone_table
                0x00000000030025c0        0x0 load address 0x000000000812d350
 .tm_clone_table
                0x00000000030025c0        0x0 c:/devkitpro/devkitarm/bin/../lib/gcc/arm-none-eabi/9.1.0/thumb/crtbegin.o
 .tm_clone_table
                0x00000000030025c0        0x0 c:/devkitpro/devkitarm/bin/../lib/gcc/arm-none-eabi/9.1.0/thumb/crtend.o

.preinit_array  0x00000000030025c0        0x0 load address 0x000000000812d350
                0x00000000030025c0                __preinit_array_start = ABSOLUTE (.)
 *(.preinit_array)
                0x00000000030025c0                __preinit_array_end = ABSOLUTE (.)
                0x000000000812d350                __init_lma = (__preinit_lma + SIZEOF (.preinit_array))

.init_array     0x00000000030025c0        0x4 load address 0x000000000812d350
                0x00000000030025c0                __init_array_start = ABSOLUTE (.)
 *(SORT_BY_NAME(.init_array.*))
 *(.init_array)
 .init_array    0x00000000030025c0        0x4 c:/devkitpro/devkitarm/bin/../lib/gcc/arm-none-eabi/9.1.0/thumb/crtbegin.o
                0x00000000030025c4                __init_array_end = ABSOLUTE (.)
                0x000000000812d354                __fini_lma = (__init_lma + SIZEOF (.init_array))

.fini_array     0x00000000030025c4        0x4 load address 0x000000000812d354
                0x00000000030025c4                __fini_array_start = ABSOLUTE (.)
 *(SORT_BY_NAME(.fini_array.*))
 *(.fini_array)
 .fini_array    0x00000000030025c4        0x4 c:/devkitpro/devkitarm/bin/../lib/gcc/arm-none-eabi/9.1.0/thumb/crtbegin.o
                0x00000000030025c8                __fini_array_end = ABSOLUTE (.)
                0x000000000812d358                __jcr_lma = (__fini_lma + SIZEOF (.fini_array))

.jcr            0x00000000030025c8        0x0 load address 0x000000000812d358
 *(.jcr)
                0x00000000030025c8                __data_end__ = ABSOLUTE (.)
                0x000000000812d358                __iwram_overlay_lma = (__jcr_lma + SIZEOF (.jcr))
                0x00000000030025c8                __iwram_overlay_start = .

.iwram0         0x00000000030025c8        0x0 load address 0x000000000812d358
 *(.iwram0)
                0x00000000030025c8                . = ALIGN (0x4)
                0x000000000812d358                PROVIDE (__load_start_iwram0 = LOADADDR (.iwram0))
                0x000000000812d358                PROVIDE (__load_stop_iwram0 = (LOADADDR (.iwram0) + SIZEOF (.iwram0)))

.iwram1         0x00000000030025c8        0x0
 *(.iwram1)
                0x00000000030025c8                . = ALIGN (0x4)
                [!provide]                        PROVIDE (__load_start_iwram1 = LOADADDR (.iwram1))
                [!provide]                        PROVIDE (__load_stop_iwram1 = (LOADADDR (.iwram1) + SIZEOF (.iwram1)))

.iwram2         0x00000000030025c8        0x0
 *(.iwram2)
                0x00000000030025c8                . = ALIGN (0x4)
                [!provide]                        PROVIDE (__load_start_iwram2 = LOADADDR (.iwram2))
                [!provide]                        PROVIDE (__load_stop_iwram2 = (LOADADDR (.iwram2) + SIZEOF (.iwram2)))

.iwram3         0x00000000030025c8        0x0
 *(.iwram3)
                0x00000000030025c8                . = ALIGN (0x4)
                [!provide]                        PROVIDE (__load_start_iwram3 = LOADADDR (.iwram3))
                [!provide]                        PROVIDE (__load_stop_iwram3 = (LOADADDR (.iwram3) + SIZEOF (.iwram3)))

.iwram4         0x00000000030025c8        0x0
 *(.iwram4)
                0x00000000030025c8                . = ALIGN (0x4)
                [!provide]                        PROVIDE (__load_start_iwram4 = LOADADDR (.iwram4))
                [!provide]                        PROVIDE (__load_stop_iwram4 = (LOADADDR (.iwram4) + SIZEOF (.iwram4)))

.iwram5         0x00000000030025c8        0x0
 *(.iwram5)
                0x00000000030025c8                . = ALIGN (0x4)
                [!provide]                        PROVIDE (__load_start_iwram5 = LOADADDR (.iwram5))
                [!provide]                        PROVIDE (__load_stop_iwram5 = (LOADADDR (.iwram5) + SIZEOF (.iwram5)))

.iwram6         0x00000000030025c8        0x0
 *(.iwram6)
                0x00000000030025c8                . = ALIGN (0x4)
                [!provide]                        PROVIDE (__load_start_iwram6 = LOADADDR (.iwram6))
                [!provide]                        PROVIDE (__load_stop_iwram6 = (LOADADDR (.iwram6) + SIZEOF (.iwram6)))

.iwram7         0x00000000030025c8        0x0
 *(.iwram7)
                0x00000000030025c8                . = ALIGN (0x4)
                [!provide]                        PROVIDE (__load_start_iwram7 = LOADADDR (.iwram7))
                [!provide]                        PROVIDE (__load_stop_iwram7 = (LOADADDR (.iwram7) + SIZEOF (.iwram7)))

.iwram8         0x00000000030025c8        0x0
 *(.iwram8)
                0x00000000030025c8                . = ALIGN (0x4)
                [!provide]                        PROVIDE (__load_start_iwram8 = LOADADDR (.iwram8))
                [!provide]                        PROVIDE (__load_stop_iwram8 = (LOADADDR (.iwram8) + SIZEOF (.iwram8)))

.iwram9         0x00000000030025c8        0x0
 *(.iwram9)
                0x00000000030025c8                . = ALIGN (0x4)
                [!provide]                        PROVIDE (__load_start_iwram9 = LOADADDR (.iwram9))
                [!provide]                        PROVIDE (__load_stop_iwram9 = (LOADADDR (.iwram9) + SIZEOF (.iwram9)))
                0x00000000030025c8                __iwram_overlay_end = .
                0x000000000812d358                __ewram_lma = (__iwram_overlay_lma + (__iwram_overlay_end - __iwram_overlay_start))
                0x00000000030025c8                __iheap_start = .
                0x0000000002000000                __ewram_start = ORIGIN (ewram)

.ewram          0x0000000002000000        0x0 load address 0x000000000812d358
 *(.ewram*)
                0x0000000002000000                . = ALIGN (0x4)
                0x0000000002000000                __ewram_end = ABSOLUTE (.)
                0x000000000812d358                __pad_lma = (__ewram_lma + SIZEOF (.ewram))

.sbss           0x0000000002000000        0x0
                0x0000000002000000                __sbss_start__ = ABSOLUTE (.)
 *(.sbss*)
                0x0000000002000000                . = ALIGN (0x4)
                0x0000000002000000                __sbss_end__ = ABSOLUTE (.)
                0x0000000002000000                __end__ = ABSOLUTE (.)
                0x0000000002000000                __eheap_start = ABSOLUTE (.)

.pad            0x0000000002000000        0x8 load address 0x000000000812d358
                0x0000000002000000        0x4 LONG 0x52416b64
                0x0000000002000004        0x4 LONG 0x4d
                0x0000000002000008                . = ALIGN (0x4)
                0x000000000812d360                __rom_end__ = (__pad_lma + SIZEOF (.pad))

.stab
 *(.stab)

.stabstr
 *(.stabstr)

.stab.excl
 *(.stab.excl)

.stab.exclstr
 *(.stab.exclstr)

.stab.index
 *(.stab.index)

.stab.indexstr
 *(.stab.indexstr)

.comment        0x0000000000000000       0x22
 *(.comment)
 .comment       0x0000000000000000       0x22 c:/devkitpro/devkitarm/bin/../lib/gcc/arm-none-eabi/9.1.0/thumb/crtbegin.o
                                         0x23 (size before relaxing)
 .comment       0x0000000000000022       0x23 interrupt.o
 .comment       0x0000000000000022       0x23 main.o
 .comment       0x0000000000000022       0x23 c:/devkitpro/devkitarm/bin/../lib/gcc/arm-none-eabi/9.1.0/../../../../arm-none-eabi/lib\libheart.a(fx.o)
 .comment       0x0000000000000022       0x23 c:/devkitpro/devkitarm/bin/../lib/gcc/arm-none-eabi/9.1.0/../../../../arm-none-eabi/lib\libheart.a(interrupt.o)
 .comment       0x0000000000000022       0x23 c:/devkitpro/devkitarm/bin/../lib/gcc/arm-none-eabi/9.1.0/../../../../arm-none-eabi/lib\libheart.a(input.o)
 .comment       0x0000000000000022       0x23 c:/devkitpro/devkitarm/bin/../lib/gcc/arm-none-eabi/9.1.0/../../../../arm-none-eabi/lib/thumb\libc.a(lib_a-init.o)
 .comment       0x0000000000000022       0x23 c:/devkitpro/devkitarm/bin/../lib/gcc/arm-none-eabi/9.1.0/../../../../arm-none-eabi/lib/thumb\libc.a(lib_a-malloc.o)
 .comment       0x0000000000000022       0x23 c:/devkitpro/devkitarm/bin/../lib/gcc/arm-none-eabi/9.1.0/../../../../arm-none-eabi/lib/thumb\libc.a(lib_a-mallocr.o)
 .comment       0x0000000000000022       0x23 c:/devkitpro/devkitarm/bin/../lib/gcc/arm-none-eabi/9.1.0/../../../../arm-none-eabi/lib/thumb\libc.a(lib_a-mlock.o)
 .comment       0x0000000000000022       0x23 c:/devkitpro/devkitarm/bin/../lib/gcc/arm-none-eabi/9.1.0/../../../../arm-none-eabi/lib/thumb\libc.a(lib_a-freer.o)
 .comment       0x0000000000000022       0x23 c:/devkitpro/devkitarm/bin/../lib/gcc/arm-none-eabi/9.1.0/../../../../arm-none-eabi/lib/thumb\libsysbase.a(sbrk.o)
 .comment       0x0000000000000022       0x23 c:/devkitpro/devkitarm/bin/../lib/gcc/arm-none-eabi/9.1.0/../../../../arm-none-eabi/lib/thumb\libsysbase.a(malloc_vars.o)
 .comment       0x0000000000000022       0x23 c:/devkitpro/devkitarm/bin/../lib/gcc/arm-none-eabi/9.1.0/../../../../arm-none-eabi/lib/thumb\libsysbase.a(syscall_support.o)
 .comment       0x0000000000000022       0x23 c:/devkitpro/devkitarm/bin/../lib/gcc/arm-none-eabi/9.1.0/../../../../arm-none-eabi/lib/thumb\libsysbase.a(getreent.o)
 .comment       0x0000000000000022       0x23 c:/devkitpro/devkitarm/bin/../lib/gcc/arm-none-eabi/9.1.0/../../../../arm-none-eabi/lib/thumb\libc.a(lib_a-impure.o)
 .comment       0x0000000000000022       0x23 c:/devkitpro/devkitarm/bin/../lib/gcc/arm-none-eabi/9.1.0/thumb/crtend.o

.debug
 *(.debug)

.line
 *(.line)

.debug_srcinfo
 *(.debug_srcinfo)

.debug_sfnames
 *(.debug_sfnames)

.debug_aranges
 *(.debug_aranges)

.debug_pubnames
 *(.debug_pubnames)

.debug_info
 *(.debug_info)

.debug_abbrev
 *(.debug_abbrev)

.debug_line
 *(.debug_line)

.debug_frame
 *(.debug_frame)

.debug_str
 *(.debug_str)

.debug_loc
 *(.debug_loc)

.debug_macinfo
 *(.debug_macinfo)

.debug_weaknames
 *(.debug_weaknames)

.debug_funcnames
 *(.debug_funcnames)

.debug_typenames
 *(.debug_typenames)

.debug_varnames
 *(.debug_varnames)

.stack          0x0000000000080000        0x0
                0x0000000000080000                _stack = .
 *(.stack)

.note.gnu.arm.ident
 *(.note.gnu.arm.ident)

.ARM.attributes
                0x0000000000000000       0x2c
 *(.ARM.attributes)
 .ARM.attributes
                0x0000000000000000       0x20 c:/devkitpro/devkitarm/bin/../lib/gcc/arm-none-eabi/9.1.0/../../../../arm-none-eabi/lib/thumb/gba_crt0.o
 .ARM.attributes
                0x0000000000000020       0x1c c:/devkitpro/devkitarm/bin/../lib/gcc/arm-none-eabi/9.1.0/thumb/crti.o
 .ARM.attributes
                0x000000000000003c       0x2a c:/devkitpro/devkitarm/bin/../lib/gcc/arm-none-eabi/9.1.0/thumb/crtbegin.o
 .ARM.attributes
                0x0000000000000066       0x14 soundbank.bin.o
 .ARM.attributes
                0x000000000000007a       0x2c animations.o
 .ARM.attributes
                0x00000000000000a6       0x26 interrupt.o
 .ARM.attributes
                0x00000000000000cc       0x2c lang.o
 .ARM.attributes
                0x00000000000000f8       0x26 main.o
 .ARM.attributes
                0x000000000000011e       0x2c menus.o
 .ARM.attributes
                0x000000000000014a       0x2c player.o
 .ARM.attributes
                0x0000000000000176       0x2c sram.o
 .ARM.attributes
                0x00000000000001a2       0x1a C:/devkitPro/libgba/lib\libmm.a(mm_mas.o)
 .ARM.attributes
                0x00000000000001bc       0x1a C:/devkitPro/libgba/lib\libmm.a(mm_main.o)
 .ARM.attributes
                0x00000000000001d6       0x1a C:/devkitPro/libgba/lib\libmm.a(mm_effect.o)
 .ARM.attributes
                0x00000000000001f0       0x1a C:/devkitPro/libgba/lib\libmm.a(mm_mas_arm.o)
 .ARM.attributes
                0x000000000000020a       0x1a C:/devkitPro/libgba/lib\libmm.a(mm_mixer_gba.o)
 .ARM.attributes
                0x0000000000000224       0x1a C:/devkitPro/libgba/lib\libmm.a(mm_init_default.o)
 .ARM.attributes
                0x000000000000023e       0x26 c:/devkitpro/devkitarm/bin/../lib/gcc/arm-none-eabi/9.1.0/../../../../arm-none-eabi/lib\libheart.a(fx.o)
 .ARM.attributes
                0x0000000000000264       0x26 c:/devkitpro/devkitarm/bin/../lib/gcc/arm-none-eabi/9.1.0/../../../../arm-none-eabi/lib\libheart.a(interrupt.o)
 .ARM.attributes
                0x000000000000028a       0x1a c:/devkitpro/devkitarm/bin/../lib/gcc/arm-none-eabi/9.1.0/../../../../arm-none-eabi/lib\libheart.a(bios.o)
 .ARM.attributes
                0x00000000000002a4       0x26 c:/devkitpro/devkitarm/bin/../lib/gcc/arm-none-eabi/9.1.0/../../../../arm-none-eabi/lib\libheart.a(input.o)
 .ARM.attributes
                0x00000000000002ca       0x1a c:/devkitpro/devkitarm/bin/../lib/gcc/arm-none-eabi/9.1.0/../../../../arm-none-eabi/lib\libheart.a(intdispatch.o)
 .ARM.attributes
                0x00000000000002e4       0x1c c:/devkitpro/devkitarm/bin/../lib/gcc/arm-none-eabi/9.1.0/thumb\libgcc.a(_call_via_rX.o)
 .ARM.attributes
                0x0000000000000300       0x2a c:/devkitpro/devkitarm/bin/../lib/gcc/arm-none-eabi/9.1.0/../../../../arm-none-eabi/lib/thumb\libc.a(lib_a-init.o)
 .ARM.attributes
                0x000000000000032a       0x2a c:/devkitpro/devkitarm/bin/../lib/gcc/arm-none-eabi/9.1.0/../../../../arm-none-eabi/lib/thumb\libc.a(lib_a-malloc.o)
 .ARM.attributes
                0x0000000000000354       0x2a c:/devkitpro/devkitarm/bin/../lib/gcc/arm-none-eabi/9.1.0/../../../../arm-none-eabi/lib/thumb\libc.a(lib_a-mallocr.o)
 .ARM.attributes
                0x000000000000037e       0x2a c:/devkitpro/devkitarm/bin/../lib/gcc/arm-none-eabi/9.1.0/../../../../arm-none-eabi/lib/thumb\libc.a(lib_a-mlock.o)
 .ARM.attributes
                0x00000000000003a8       0x2a c:/devkitpro/devkitarm/bin/../lib/gcc/arm-none-eabi/9.1.0/../../../../arm-none-eabi/lib/thumb\libc.a(lib_a-freer.o)
 .ARM.attributes
                0x00000000000003d2       0x2a c:/devkitpro/devkitarm/bin/../lib/gcc/arm-none-eabi/9.1.0/../../../../arm-none-eabi/lib/thumb\libsysbase.a(sbrk.o)
 .ARM.attributes
                0x00000000000003fc       0x30 c:/devkitpro/devkitarm/bin/../lib/gcc/arm-none-eabi/9.1.0/../../../../arm-none-eabi/lib/thumb\libsysbase.a(malloc_vars.o)
 .ARM.attributes
                0x000000000000042c       0x2a c:/devkitpro/devkitarm/bin/../lib/gcc/arm-none-eabi/9.1.0/../../../../arm-none-eabi/lib/thumb\libsysbase.a(syscall_support.o)
 .ARM.attributes
                0x0000000000000456       0x2a c:/devkitpro/devkitarm/bin/../lib/gcc/arm-none-eabi/9.1.0/../../../../arm-none-eabi/lib/thumb\libsysbase.a(getreent.o)
 .ARM.attributes
                0x0000000000000480       0x30 c:/devkitpro/devkitarm/bin/../lib/gcc/arm-none-eabi/9.1.0/../../../../arm-none-eabi/lib/thumb\libc.a(lib_a-impure.o)
 .ARM.attributes
                0x00000000000004b0       0x30 c:/devkitpro/devkitarm/bin/../lib/gcc/arm-none-eabi/9.1.0/thumb/crtend.o
 .ARM.attributes
                0x00000000000004e0       0x1c c:/devkitpro/devkitarm/bin/../lib/gcc/arm-none-eabi/9.1.0/thumb/crtn.o

/DISCARD/
 *(.note.GNU-stack)
LOAD c:/devkitpro/devkitarm/bin/../lib/gcc/arm-none-eabi/9.1.0/../../../../arm-none-eabi/lib/thumb/gba_crt0.o
LOAD c:/devkitpro/devkitarm/bin/../lib/gcc/arm-none-eabi/9.1.0/thumb/crti.o
LOAD c:/devkitpro/devkitarm/bin/../lib/gcc/arm-none-eabi/9.1.0/thumb/crtbegin.o
LOAD soundbank.bin.o
LOAD animations.o
LOAD interrupt.o
LOAD lang.o
LOAD main.o
LOAD menus.o
LOAD player.o
LOAD sram.o
LOAD C:/devkitPro/libgba/lib\libmm.a
LOAD c:/devkitpro/devkitarm/bin/../lib/gcc/arm-none-eabi/9.1.0/../../../../arm-none-eabi/lib\libheart.a
START GROUP
LOAD c:/devkitpro/devkitarm/bin/../lib/gcc/arm-none-eabi/9.1.0/thumb\libgcc.a
LOAD c:/devkitpro/devkitarm/bin/../lib/gcc/arm-none-eabi/9.1.0/../../../../arm-none-eabi/lib/thumb\libc.a
LOAD c:/devkitpro/devkitarm/bin/../lib/gcc/arm-none-eabi/9.1.0/../../../../arm-none-eabi/lib/thumb\libsysbase.a
END GROUP
LOAD c:/devkitpro/devkitarm/bin/../lib/gcc/arm-none-eabi/9.1.0/thumb/crtend.o
LOAD c:/devkitpro/devkitarm/bin/../lib/gcc/arm-none-eabi/9.1.0/thumb/crtn.o
OUTPUT(C:/Users/stero/Documents/GitHub/Chirpys-Adventure/Chirpys-Adventure.elf elf32-littlearm)
